Archive member included because of file (symbol)

c:/winavr-20100110/bin/../lib/gcc/avr/4.3.3/avr5\libgcc.a(_udivmodsi4.o)
                              ./src/mcal/atmega32_uart.o (__udivmodsi4)
c:/winavr-20100110/bin/../lib/gcc/avr/4.3.3/avr5\libgcc.a(_exit.o)
                              c:/winavr-20100110/bin/../lib/gcc/avr/4.3.3/../../../../avr/lib/avr5/crtm32.o (exit)
c:/winavr-20100110/bin/../lib/gcc/avr/4.3.3/avr5\libgcc.a(_copy_data.o)
                              ./src/app/subsystems/water_flood_system/water_flood_system.o (__do_copy_data)
c:/winavr-20100110/bin/../lib/gcc/avr/4.3.3/avr5\libgcc.a(_clear_bss.o)
                              ./src/mcal/atmega32_interrupt.o (__do_clear_bss)
c:/winavr-20100110/bin/../lib/gcc/avr/4.3.3/avr5\libgcc.a(_fixunssfsi.o)
                              ./src/hal/actuators/keypad.o (__fixunssfsi)
c:/winavr-20100110/bin/../lib/gcc/avr/4.3.3/avr5\libgcc.a(_addsub_sf.o)
                              c:/winavr-20100110/bin/../lib/gcc/avr/4.3.3/avr5\libgcc.a(_fixunssfsi.o) (__subsf3)
c:/winavr-20100110/bin/../lib/gcc/avr/4.3.3/avr5\libgcc.a(_mul_sf.o)
                              ./src/hal/actuators/keypad.o (__mulsf3)
c:/winavr-20100110/bin/../lib/gcc/avr/4.3.3/avr5\libgcc.a(_div_sf.o)
                              ./src/test/performance_test.o (__divsf3)
c:/winavr-20100110/bin/../lib/gcc/avr/4.3.3/avr5\libgcc.a(_gt_sf.o)
                              ./src/hal/actuators/keypad.o (__gtsf2)
c:/winavr-20100110/bin/../lib/gcc/avr/4.3.3/avr5\libgcc.a(_ge_sf.o)
                              c:/winavr-20100110/bin/../lib/gcc/avr/4.3.3/avr5\libgcc.a(_fixunssfsi.o) (__gesf2)
c:/winavr-20100110/bin/../lib/gcc/avr/4.3.3/avr5\libgcc.a(_lt_sf.o)
                              ./src/hal/actuators/keypad.o (__ltsf2)
c:/winavr-20100110/bin/../lib/gcc/avr/4.3.3/avr5\libgcc.a(_sf_to_si.o)
                              c:/winavr-20100110/bin/../lib/gcc/avr/4.3.3/avr5\libgcc.a(_fixunssfsi.o) (__fixsfsi)
c:/winavr-20100110/bin/../lib/gcc/avr/4.3.3/avr5\libgcc.a(_thenan_sf.o)
                              c:/winavr-20100110/bin/../lib/gcc/avr/4.3.3/avr5\libgcc.a(_addsub_sf.o) (__thenan_sf)
c:/winavr-20100110/bin/../lib/gcc/avr/4.3.3/avr5\libgcc.a(_usi_to_sf.o)
                              ./src/test/performance_test.o (__floatunsisf)
c:/winavr-20100110/bin/../lib/gcc/avr/4.3.3/avr5\libgcc.a(_prologue.o)
                              c:/winavr-20100110/bin/../lib/gcc/avr/4.3.3/avr5\libgcc.a(_addsub_sf.o) (__prologue_saves__)
c:/winavr-20100110/bin/../lib/gcc/avr/4.3.3/avr5\libgcc.a(_epilogue.o)
                              c:/winavr-20100110/bin/../lib/gcc/avr/4.3.3/avr5\libgcc.a(_addsub_sf.o) (__epilogue_restores__)
c:/winavr-20100110/bin/../lib/gcc/avr/4.3.3/avr5\libgcc.a(_clzsi2.o)
                              c:/winavr-20100110/bin/../lib/gcc/avr/4.3.3/avr5\libgcc.a(_usi_to_sf.o) (__clzsi2)
c:/winavr-20100110/bin/../lib/gcc/avr/4.3.3/avr5\libgcc.a(_pack_sf.o)
                              c:/winavr-20100110/bin/../lib/gcc/avr/4.3.3/avr5\libgcc.a(_addsub_sf.o) (__pack_f)
c:/winavr-20100110/bin/../lib/gcc/avr/4.3.3/avr5\libgcc.a(_unpack_sf.o)
                              c:/winavr-20100110/bin/../lib/gcc/avr/4.3.3/avr5\libgcc.a(_addsub_sf.o) (__unpack_f)
c:/winavr-20100110/bin/../lib/gcc/avr/4.3.3/avr5\libgcc.a(_fpcmp_parts_sf.o)
                              c:/winavr-20100110/bin/../lib/gcc/avr/4.3.3/avr5\libgcc.a(_gt_sf.o) (__fpcmp_parts_f)
c:/winavr-20100110/bin/../lib/gcc/avr/4.3.3/avr5\libgcc.a(_clz.o)
                              c:/winavr-20100110/bin/../lib/gcc/avr/4.3.3/avr5\libgcc.a(_clzsi2.o) (__clz_tab)
c:/winavr-20100110/bin/../lib/gcc/avr/4.3.3/../../../../avr/lib/avr5\libc.a(dtostrf.o)
                              ./src/hal/actuators/lcd.o (dtostrf)
c:/winavr-20100110/bin/../lib/gcc/avr/4.3.3/../../../../avr/lib/avr5\libc.a(itoa.o)
                              ./src/hal/actuators/lcd.o (itoa)
c:/winavr-20100110/bin/../lib/gcc/avr/4.3.3/../../../../avr/lib/avr5\libc.a(dtoa_prf.o)
                              c:/winavr-20100110/bin/../lib/gcc/avr/4.3.3/../../../../avr/lib/avr5\libc.a(dtostrf.o) (dtoa_prf)
c:/winavr-20100110/bin/../lib/gcc/avr/4.3.3/../../../../avr/lib/avr5\libc.a(ftoa_engine.o)
                              c:/winavr-20100110/bin/../lib/gcc/avr/4.3.3/../../../../avr/lib/avr5\libc.a(dtoa_prf.o) (__ftoa_engine)
c:/winavr-20100110/bin/../lib/gcc/avr/4.3.3/../../../../avr/lib/avr5\libc.a(strrev.o)
                              c:/winavr-20100110/bin/../lib/gcc/avr/4.3.3/../../../../avr/lib/avr5\libc.a(itoa.o) (strrev)
c:/winavr-20100110/bin/../lib/gcc/avr/4.3.3/avr5\libgcc.a(_udivmodhi4.o)
                              c:/winavr-20100110/bin/../lib/gcc/avr/4.3.3/../../../../avr/lib/avr5\libc.a(itoa.o) (__udivmodhi4)

Allocating common symbols
Common symbol       size              file

g_enteredPin        0x4               ./src/app/subsystems/smart_door_lock_system/smart_door_lock_system.o

Memory Configuration

Name             Origin             Length             Attributes
text             0x00000000         0x00020000         xr
data             0x00800060         0x0000ffa0         rw !x
eeprom           0x00810000         0x00010000         rw !x
fuse             0x00820000         0x00000400         rw !x
lock             0x00830000         0x00000400         rw !x
signature        0x00840000         0x00000400         rw !x
*default*        0x00000000         0xffffffff

Linker script and memory map

LOAD c:/winavr-20100110/bin/../lib/gcc/avr/4.3.3/../../../../avr/lib/avr5/crtm32.o
LOAD ./src/test/performance_test.o
LOAD ./src/mcal/atmega32_eeprom.o
LOAD ./src/mcal/atmega32_gpio.o
LOAD ./src/mcal/atmega32_interrupt.o
LOAD ./src/mcal/atmega32_timer0.o
LOAD ./src/mcal/atmega32_timer1.o
LOAD ./src/mcal/atmega32_timer2.o
LOAD ./src/mcal/atmega32_uart.o
LOAD ./src/hal/sensors/flame_sensor.o
LOAD ./src/hal/sensors/mq9_sensor.o
LOAD ./src/hal/sensors/pir_sensor.o
LOAD ./src/hal/sensors/water_sensor.o
LOAD ./src/hal/actuators/buzzer.o
LOAD ./src/hal/actuators/dc_motor.o
LOAD ./src/hal/actuators/keypad.o
LOAD ./src/hal/actuators/lcd.o
LOAD ./src/hal/actuators/led.o
LOAD ./src/hal/actuators/solenoid_lock.o
LOAD ./src/app/subsystems/water_flood_system/water_flood_system.o
LOAD ./src/app/subsystems/smart_door_lock_system/smart_door_lock_system.o
LOAD ./src/app/subsystems/motion_detection_system/motion_detection_system.o
LOAD ./src/app/subsystems/gas_system/gas_system.o
LOAD ./src/app/subsystems/fire_system/fire_system.o
LOAD ./src/app/subsystems/alarm_system/alarm_system.o
LOAD ./src/app/communication.o
LOAD ./src/app/main.o
LOAD c:/winavr-20100110/bin/../lib/gcc/avr/4.3.3/avr5\libgcc.a
LOAD c:/winavr-20100110/bin/../lib/gcc/avr/4.3.3/../../../../avr/lib/avr5\libc.a
LOAD c:/winavr-20100110/bin/../lib/gcc/avr/4.3.3/avr5\libgcc.a

.hash
 *(.hash)

.dynsym
 *(.dynsym)

.dynstr
 *(.dynstr)

.gnu.version
 *(.gnu.version)

.gnu.version_d
 *(.gnu.version_d)

.gnu.version_r
 *(.gnu.version_r)

.rel.init
 *(.rel.init)

.rela.init
 *(.rela.init)

.rel.text
 *(.rel.text)
 *(.rel.text.*)
 *(.rel.gnu.linkonce.t*)

.rela.text
 *(.rela.text)
 *(.rela.text.*)
 *(.rela.gnu.linkonce.t*)

.rel.fini
 *(.rel.fini)

.rela.fini
 *(.rela.fini)

.rel.rodata
 *(.rel.rodata)
 *(.rel.rodata.*)
 *(.rel.gnu.linkonce.r*)

.rela.rodata
 *(.rela.rodata)
 *(.rela.rodata.*)
 *(.rela.gnu.linkonce.r*)

.rel.data
 *(.rel.data)
 *(.rel.data.*)
 *(.rel.gnu.linkonce.d*)

.rela.data
 *(.rela.data)
 *(.rela.data.*)
 *(.rela.gnu.linkonce.d*)

.rel.ctors
 *(.rel.ctors)

.rela.ctors
 *(.rela.ctors)

.rel.dtors
 *(.rel.dtors)

.rela.dtors
 *(.rela.dtors)

.rel.got
 *(.rel.got)

.rela.got
 *(.rela.got)

.rel.bss
 *(.rel.bss)

.rela.bss
 *(.rela.bss)

.rel.plt
 *(.rel.plt)

.rela.plt
 *(.rela.plt)

.text           0x00000000     0x4ed2
 *(.vectors)
 .vectors       0x00000000       0x54 c:/winavr-20100110/bin/../lib/gcc/avr/4.3.3/../../../../avr/lib/avr5/crtm32.o
                0x00000000                __vectors
                0x00000000                __vector_default
 *(.vectors)
 *(.progmem.gcc*)
 *(.progmem*)
 .progmem.data  0x00000054       0xfa c:/winavr-20100110/bin/../lib/gcc/avr/4.3.3/../../../../avr/lib/avr5\libc.a(ftoa_engine.o)
                0x0000014e                . = ALIGN (0x2)
                0x0000014e                __trampolines_start = .
 *(.trampolines)
 .trampolines   0x0000014e        0x0 linker stubs
 *(.trampolines*)
                0x0000014e                __trampolines_end = .
 *(.jumptables)
 *(.jumptables*)
 *(.lowtext)
 *(.lowtext*)
                0x0000014e                __ctors_start = .
 *(.ctors)
                0x0000014e                __ctors_end = .
                0x0000014e                __dtors_start = .
 *(.dtors)
                0x0000014e                __dtors_end = .
 SORT(*)(.ctors)
 SORT(*)(.dtors)
 *(.init0)
 .init0         0x0000014e        0x0 c:/winavr-20100110/bin/../lib/gcc/avr/4.3.3/../../../../avr/lib/avr5/crtm32.o
                0x0000014e                __init
 *(.init0)
 *(.init1)
 *(.init1)
 *(.init2)
 .init2         0x0000014e        0xc c:/winavr-20100110/bin/../lib/gcc/avr/4.3.3/../../../../avr/lib/avr5/crtm32.o
 *(.init2)
 *(.init3)
 *(.init3)
 *(.init4)
 .init4         0x0000015a       0x16 c:/winavr-20100110/bin/../lib/gcc/avr/4.3.3/avr5\libgcc.a(_copy_data.o)
                0x0000015a                __do_copy_data
 .init4         0x00000170       0x10 c:/winavr-20100110/bin/../lib/gcc/avr/4.3.3/avr5\libgcc.a(_clear_bss.o)
                0x00000170                __do_clear_bss
 *(.init4)
 *(.init5)
 *(.init5)
 *(.init6)
 *(.init6)
 *(.init7)
 *(.init7)
 *(.init8)
 *(.init8)
 *(.init9)
 .init9         0x00000180        0x8 c:/winavr-20100110/bin/../lib/gcc/avr/4.3.3/../../../../avr/lib/avr5/crtm32.o
 *(.init9)
 *(.text)
 .text          0x00000188        0x4 c:/winavr-20100110/bin/../lib/gcc/avr/4.3.3/../../../../avr/lib/avr5/crtm32.o
                0x00000188                __vector_12
                0x00000188                __bad_interrupt
                0x00000188                __vector_6
                0x00000188                __vector_17
                0x00000188                __vector_19
                0x00000188                __vector_7
                0x00000188                __vector_4
                0x00000188                __vector_8
                0x00000188                __vector_10
                0x00000188                __vector_16
                0x00000188                __vector_18
                0x00000188                __vector_20
 .text          0x0000018c        0x0 ./src/test/performance_test.o
 .text          0x0000018c        0x0 ./src/mcal/atmega32_eeprom.o
 .text          0x0000018c        0x0 ./src/mcal/atmega32_gpio.o
 .text          0x0000018c        0x0 ./src/mcal/atmega32_interrupt.o
 .text          0x0000018c        0x0 ./src/mcal/atmega32_timer0.o
 .text          0x0000018c        0x0 ./src/mcal/atmega32_timer1.o
 .text          0x0000018c        0x0 ./src/mcal/atmega32_timer2.o
 .text          0x0000018c        0x0 ./src/mcal/atmega32_uart.o
 .text          0x0000018c        0x0 ./src/hal/sensors/flame_sensor.o
 .text          0x0000018c        0x0 ./src/hal/sensors/mq9_sensor.o
 .text          0x0000018c        0x0 ./src/hal/sensors/pir_sensor.o
 .text          0x0000018c        0x0 ./src/hal/sensors/water_sensor.o
 .text          0x0000018c        0x0 ./src/hal/actuators/buzzer.o
 .text          0x0000018c        0x0 ./src/hal/actuators/dc_motor.o
 .text          0x0000018c        0x0 ./src/hal/actuators/keypad.o
 .text          0x0000018c        0x0 ./src/hal/actuators/lcd.o
 .text          0x0000018c        0x0 ./src/hal/actuators/led.o
 .text          0x0000018c        0x0 ./src/hal/actuators/solenoid_lock.o
 .text          0x0000018c        0x0 ./src/app/subsystems/water_flood_system/water_flood_system.o
 .text          0x0000018c        0x0 ./src/app/subsystems/smart_door_lock_system/smart_door_lock_system.o
 .text          0x0000018c        0x0 ./src/app/subsystems/motion_detection_system/motion_detection_system.o
 .text          0x0000018c        0x0 ./src/app/subsystems/gas_system/gas_system.o
 .text          0x0000018c        0x0 ./src/app/subsystems/fire_system/fire_system.o
 .text          0x0000018c        0x0 ./src/app/subsystems/alarm_system/alarm_system.o
 .text          0x0000018c        0x0 ./src/app/communication.o
 .text          0x0000018c        0x0 ./src/app/main.o
 .text          0x0000018c        0x0 c:/winavr-20100110/bin/../lib/gcc/avr/4.3.3/avr5\libgcc.a(_udivmodsi4.o)
 .text          0x0000018c        0x0 c:/winavr-20100110/bin/../lib/gcc/avr/4.3.3/avr5\libgcc.a(_exit.o)
 .text          0x0000018c        0x0 c:/winavr-20100110/bin/../lib/gcc/avr/4.3.3/avr5\libgcc.a(_copy_data.o)
 .text          0x0000018c        0x0 c:/winavr-20100110/bin/../lib/gcc/avr/4.3.3/avr5\libgcc.a(_clear_bss.o)
 .text          0x0000018c       0x58 c:/winavr-20100110/bin/../lib/gcc/avr/4.3.3/avr5\libgcc.a(_fixunssfsi.o)
                0x0000018c                __fixunssfsi
 .text          0x000001e4      0x354 c:/winavr-20100110/bin/../lib/gcc/avr/4.3.3/avr5\libgcc.a(_addsub_sf.o)
                0x0000047c                __subsf3
                0x000004de                __addsf3
 .text          0x00000538      0x1f4 c:/winavr-20100110/bin/../lib/gcc/avr/4.3.3/avr5\libgcc.a(_mul_sf.o)
                0x00000538                __mulsf3
 .text          0x0000072c      0x158 c:/winavr-20100110/bin/../lib/gcc/avr/4.3.3/avr5\libgcc.a(_div_sf.o)
                0x0000072c                __divsf3
 .text          0x00000884       0x60 c:/winavr-20100110/bin/../lib/gcc/avr/4.3.3/avr5\libgcc.a(_gt_sf.o)
                0x00000884                __gtsf2
 .text          0x000008e4       0x60 c:/winavr-20100110/bin/../lib/gcc/avr/4.3.3/avr5\libgcc.a(_ge_sf.o)
                0x000008e4                __gesf2
 .text          0x00000944       0x60 c:/winavr-20100110/bin/../lib/gcc/avr/4.3.3/avr5\libgcc.a(_lt_sf.o)
                0x00000944                __ltsf2
 .text          0x000009a4       0xa8 c:/winavr-20100110/bin/../lib/gcc/avr/4.3.3/avr5\libgcc.a(_sf_to_si.o)
                0x000009a4                __fixsfsi
 .text          0x00000a4c        0x0 c:/winavr-20100110/bin/../lib/gcc/avr/4.3.3/avr5\libgcc.a(_thenan_sf.o)
 .text          0x00000a4c       0xf2 c:/winavr-20100110/bin/../lib/gcc/avr/4.3.3/avr5\libgcc.a(_usi_to_sf.o)
                0x00000a4c                __floatunsisf
 .text          0x00000b3e        0x0 c:/winavr-20100110/bin/../lib/gcc/avr/4.3.3/avr5\libgcc.a(_prologue.o)
 .text          0x00000b3e        0x0 c:/winavr-20100110/bin/../lib/gcc/avr/4.3.3/avr5\libgcc.a(_epilogue.o)
 .text          0x00000b3e       0x9e c:/winavr-20100110/bin/../lib/gcc/avr/4.3.3/avr5\libgcc.a(_clzsi2.o)
                0x00000b3e                __clzsi2
 .text          0x00000bdc      0x1aa c:/winavr-20100110/bin/../lib/gcc/avr/4.3.3/avr5\libgcc.a(_pack_sf.o)
                0x00000bdc                __pack_f
 .text          0x00000d86       0xf0 c:/winavr-20100110/bin/../lib/gcc/avr/4.3.3/avr5\libgcc.a(_unpack_sf.o)
                0x00000d86                __unpack_f
 .text          0x00000e76       0xb2 c:/winavr-20100110/bin/../lib/gcc/avr/4.3.3/avr5\libgcc.a(_fpcmp_parts_sf.o)
                0x00000e76                __fpcmp_parts_f
 .text          0x00000f28        0x0 c:/winavr-20100110/bin/../lib/gcc/avr/4.3.3/avr5\libgcc.a(_clz.o)
 .text          0x00000f28        0x0 c:/winavr-20100110/bin/../lib/gcc/avr/4.3.3/../../../../avr/lib/avr5\libc.a(dtostrf.o)
 .text          0x00000f28        0x0 c:/winavr-20100110/bin/../lib/gcc/avr/4.3.3/../../../../avr/lib/avr5\libc.a(itoa.o)
 .text          0x00000f28        0x0 c:/winavr-20100110/bin/../lib/gcc/avr/4.3.3/../../../../avr/lib/avr5\libc.a(dtoa_prf.o)
 .text          0x00000f28        0x0 c:/winavr-20100110/bin/../lib/gcc/avr/4.3.3/../../../../avr/lib/avr5\libc.a(ftoa_engine.o)
 .text          0x00000f28        0x0 c:/winavr-20100110/bin/../lib/gcc/avr/4.3.3/../../../../avr/lib/avr5\libc.a(strrev.o)
 .text          0x00000f28        0x0 c:/winavr-20100110/bin/../lib/gcc/avr/4.3.3/avr5\libgcc.a(_udivmodhi4.o)
                0x00000f28                . = ALIGN (0x2)
 *(.text.*)
 .text.PERFORMANCE_Init
                0x00000f28       0x18 ./src/test/performance_test.o
                0x00000f28                PERFORMANCE_Init
 .text.PERFORMANCE_Start
                0x00000f40       0x12 ./src/test/performance_test.o
                0x00000f40                PERFORMANCE_Start
 .text.PERFORMANCE_Stop
                0x00000f52       0x12 ./src/test/performance_test.o
                0x00000f52                PERFORMANCE_Stop
 .text.PERFORMANCE_Measure
                0x00000f64       0x76 ./src/test/performance_test.o
                0x00000f64                PERFORMANCE_Measure
 .text.EEPROM_write
                0x00000fda       0x60 ./src/mcal/atmega32_eeprom.o
                0x00000fda                EEPROM_write
 .text.EEPROM_read
                0x0000103a       0x4a ./src/mcal/atmega32_eeprom.o
                0x0000103a                EEPROM_read
 .text.GPIO_setupPinDirection
                0x00001084      0x1d6 ./src/mcal/atmega32_gpio.o
                0x00001084                GPIO_setupPinDirection
 .text.GPIO_writePin
                0x0000125a      0x1f4 ./src/mcal/atmega32_gpio.o
                0x0000125a                GPIO_writePin
 .text.GPIO_readPin
                0x0000144e      0x150 ./src/mcal/atmega32_gpio.o
                0x0000144e                GPIO_readPin
 .text.GPIO_setupPortDirection
                0x0000159e       0x88 ./src/mcal/atmega32_gpio.o
                0x0000159e                GPIO_setupPortDirection
 .text.GPIO_writePort
                0x00001626       0x88 ./src/mcal/atmega32_gpio.o
                0x00001626                GPIO_writePort
 .text.GPIO_readPort
                0x000016ae       0x8c ./src/mcal/atmega32_gpio.o
                0x000016ae                GPIO_readPort
 .text.__vector_1
                0x0000173a       0x66 ./src/mcal/atmega32_interrupt.o
                0x0000173a                __vector_1
 .text.__vector_2
                0x000017a0       0x66 ./src/mcal/atmega32_interrupt.o
                0x000017a0                __vector_2
 .text.__vector_3
                0x00001806       0x66 ./src/mcal/atmega32_interrupt.o
                0x00001806                __vector_3
 .text.INTERRUPT_enable
                0x0000186c       0x1c ./src/mcal/atmega32_interrupt.o
                0x0000186c                INTERRUPT_enable
 .text.INTERRUPT_INT0_init
                0x00001888       0x60 ./src/mcal/atmega32_interrupt.o
                0x00001888                INTERRUPT_INT0_init
 .text.INTERRUPT_INT1_init
                0x000018e8       0x6e ./src/mcal/atmega32_interrupt.o
                0x000018e8                INTERRUPT_INT1_init
 .text.INTERRUPT_INT2_init
                0x00001956       0x72 ./src/mcal/atmega32_interrupt.o
                0x00001956                INTERRUPT_INT2_init
 .text.INTERRUPT_disable
                0x000019c8       0x1c ./src/mcal/atmega32_interrupt.o
                0x000019c8                INTERRUPT_disable
 .text.__vector_11
                0x000019e4       0x66 ./src/mcal/atmega32_timer0.o
                0x000019e4                __vector_11
 .text.TIMER0_init
                0x00001a4a       0x34 ./src/mcal/atmega32_timer0.o
                0x00001a4a                TIMER0_init
 .text.TIMER0_on
                0x00001a7e       0x2e ./src/mcal/atmega32_timer0.o
                0x00001a7e                TIMER0_on
 .text.TIMER0_off
                0x00001aac       0x1c ./src/mcal/atmega32_timer0.o
                0x00001aac                TIMER0_off
 .text.TIMER0_read
                0x00001ac8       0x14 ./src/mcal/atmega32_timer0.o
                0x00001ac8                TIMER0_read
 .text.TIMER0_write
                0x00001adc       0x1c ./src/mcal/atmega32_timer0.o
                0x00001adc                TIMER0_write
 .text.TIMER0_interruptEnable
                0x00001af8       0x1c ./src/mcal/atmega32_timer0.o
                0x00001af8                TIMER0_interruptEnable
 .text.TIMER0_setCallback
                0x00001b14       0x24 ./src/mcal/atmega32_timer0.o
                0x00001b14                TIMER0_setCallback
 .text.TIMER0_interruptDisable
                0x00001b38       0x1c ./src/mcal/atmega32_timer0.o
                0x00001b38                TIMER0_interruptDisable
 .text.__vector_9
                0x00001b54       0x66 ./src/mcal/atmega32_timer1.o
                0x00001b54                __vector_9
 .text.TIMER1_init
                0x00001bba       0x36 ./src/mcal/atmega32_timer1.o
                0x00001bba                TIMER1_init
 .text.TIMER1_on
                0x00001bf0       0x26 ./src/mcal/atmega32_timer1.o
                0x00001bf0                TIMER1_on
 .text.TIMER1_off
                0x00001c16       0x1c ./src/mcal/atmega32_timer1.o
                0x00001c16                TIMER1_off
 .text.TIMER1_read
                0x00001c32       0x16 ./src/mcal/atmega32_timer1.o
                0x00001c32                TIMER1_read
 .text.TIMER1_write
                0x00001c48       0x24 ./src/mcal/atmega32_timer1.o
                0x00001c48                TIMER1_write
 .text.TIMER1_interruptEnable
                0x00001c6c       0x1c ./src/mcal/atmega32_timer1.o
                0x00001c6c                TIMER1_interruptEnable
 .text.TIMER1_setCallback
                0x00001c88       0x24 ./src/mcal/atmega32_timer1.o
                0x00001c88                TIMER1_setCallback
 .text.TIMER1_interruptDisable
                0x00001cac       0x1c ./src/mcal/atmega32_timer1.o
                0x00001cac                TIMER1_interruptDisable
 .text.__vector_5
                0x00001cc8       0x66 ./src/mcal/atmega32_timer2.o
                0x00001cc8                __vector_5
 .text.TIMER2_init
                0x00001d2e       0x34 ./src/mcal/atmega32_timer2.o
                0x00001d2e                TIMER2_init
 .text.TIMER2_on
                0x00001d62       0x2e ./src/mcal/atmega32_timer2.o
                0x00001d62                TIMER2_on
 .text.TIMER2_off
                0x00001d90       0x1c ./src/mcal/atmega32_timer2.o
                0x00001d90                TIMER2_off
 .text.TIMER2_read
                0x00001dac       0x14 ./src/mcal/atmega32_timer2.o
                0x00001dac                TIMER2_read
 .text.TIMER2_write
                0x00001dc0       0x1c ./src/mcal/atmega32_timer2.o
                0x00001dc0                TIMER2_write
 .text.TIMER2_interruptEnable
                0x00001ddc       0x1c ./src/mcal/atmega32_timer2.o
                0x00001ddc                TIMER2_interruptEnable
 .text.TIMER2_setCallback
                0x00001df8       0x24 ./src/mcal/atmega32_timer2.o
                0x00001df8                TIMER2_setCallback
 .text.TIMER2_interruptDisable
                0x00001e1c       0x1c ./src/mcal/atmega32_timer2.o
                0x00001e1c                TIMER2_interruptDisable
 .text.__vector_14
                0x00001e38       0x66 ./src/mcal/atmega32_uart.o
                0x00001e38                __vector_14
 .text.__vector_15
                0x00001e9e       0x66 ./src/mcal/atmega32_uart.o
                0x00001e9e                __vector_15
 .text.__vector_13
                0x00001f04       0x66 ./src/mcal/atmega32_uart.o
                0x00001f04                __vector_13
 .text.UART_init
                0x00001f6a      0x102 ./src/mcal/atmega32_uart.o
                0x00001f6a                UART_init
 .text.UART_sendByte
                0x0000206c       0x2e ./src/mcal/atmega32_uart.o
                0x0000206c                UART_sendByte
 .text.UART_receiveByte
                0x0000209a       0x1e ./src/mcal/atmega32_uart.o
                0x0000209a                UART_receiveByte
 .text.UART_sendString
                0x000020b8       0x52 ./src/mcal/atmega32_uart.o
                0x000020b8                UART_sendString
 .text.UART_receiveString
                0x0000210a       0x86 ./src/mcal/atmega32_uart.o
                0x0000210a                UART_receiveString
 .text.UART_sendData
                0x00002190       0x80 ./src/mcal/atmega32_uart.o
                0x00002190                UART_sendData
 .text.UART_receiveData
                0x00002210       0x8a ./src/mcal/atmega32_uart.o
                0x00002210                UART_receiveData
 .text.UART_interruptEnable
                0x0000229a       0x48 ./src/mcal/atmega32_uart.o
                0x0000229a                UART_interruptEnable
 .text.UART_setCallBackUDR
                0x000022e2       0x24 ./src/mcal/atmega32_uart.o
                0x000022e2                UART_setCallBackUDR
 .text.UART_setCallBackTX
                0x00002306       0x24 ./src/mcal/atmega32_uart.o
                0x00002306                UART_setCallBackTX
 .text.UART_setCallBackRX
                0x0000232a       0x24 ./src/mcal/atmega32_uart.o
                0x0000232a                UART_setCallBackRX
 .text.FLAME_init
                0x0000234e       0x18 ./src/hal/sensors/flame_sensor.o
                0x0000234e                FLAME_init
 .text.FLAME_read
                0x00002366       0x16 ./src/hal/sensors/flame_sensor.o
                0x00002366                FLAME_read
 .text.MQ9_init
                0x0000237c       0x18 ./src/hal/sensors/mq9_sensor.o
                0x0000237c                MQ9_init
 .text.MQ9_read
                0x00002394       0x16 ./src/hal/sensors/mq9_sensor.o
                0x00002394                MQ9_read
 .text.PIR_init
                0x000023aa       0x18 ./src/hal/sensors/pir_sensor.o
                0x000023aa                PIR_init
 .text.PIR_read
                0x000023c2       0x16 ./src/hal/sensors/pir_sensor.o
                0x000023c2                PIR_read
 .text.WATER_init
                0x000023d8       0x18 ./src/hal/sensors/water_sensor.o
                0x000023d8                WATER_init
 .text.WATER_read
                0x000023f0       0x16 ./src/hal/sensors/water_sensor.o
                0x000023f0                WATER_read
 .text.BUZZER_init
                0x00002406       0x2c ./src/hal/actuators/buzzer.o
                0x00002406                BUZZER_init
 .text.BUZZER_on
                0x00002432       0x2c ./src/hal/actuators/buzzer.o
                0x00002432                BUZZER_on
 .text.BUZZER_off
                0x0000245e       0x2c ./src/hal/actuators/buzzer.o
                0x0000245e                BUZZER_off
 .text.DCMOTOR_init
                0x0000248a       0x2c ./src/hal/actuators/dc_motor.o
                0x0000248a                DCMOTOR_init
 .text.DCMOTOR_on
                0x000024b6       0x2c ./src/hal/actuators/dc_motor.o
                0x000024b6                DCMOTOR_on
 .text.DCMOTOR_off
                0x000024e2       0x2c ./src/hal/actuators/dc_motor.o
                0x000024e2                DCMOTOR_off
 .text.KEYPAD_init
                0x0000250e       0x54 ./src/hal/actuators/keypad.o
                0x0000250e                KEYPAD_init
 .text.KEYPAD_getPressedKey
                0x00002562      0x178 ./src/hal/actuators/keypad.o
                0x00002562                KEYPAD_getPressedKey
 .text.KEYPAD_4x3_adjustKeyNumber
                0x000026da       0x68 ./src/hal/actuators/keypad.o
 .text.LCD_init
                0x00002742      0x164 ./src/hal/actuators/lcd.o
                0x00002742                LCD_init
 .text.LCD_sendCommand
                0x000028a6      0x8f6 ./src/hal/actuators/lcd.o
                0x000028a6                LCD_sendCommand
 .text.LCD_displayCharacter
                0x0000319c      0x8f6 ./src/hal/actuators/lcd.o
                0x0000319c                LCD_displayCharacter
 .text.LCD_displayString
                0x00003a92       0x52 ./src/hal/actuators/lcd.o
                0x00003a92                LCD_displayString
 .text.LCD_moveCursor
                0x00003ae4       0x84 ./src/hal/actuators/lcd.o
                0x00003ae4                LCD_moveCursor
 .text.LCD_displayStringRowColumn
                0x00003b68       0x32 ./src/hal/actuators/lcd.o
                0x00003b68                LCD_displayStringRowColumn
 .text.LCD_intgerToString
                0x00003b9a       0x46 ./src/hal/actuators/lcd.o
                0x00003b9a                LCD_intgerToString
 .text.LCD_clearScreen
                0x00003be0       0x14 ./src/hal/actuators/lcd.o
                0x00003be0                LCD_clearScreen
 .text.LCD_floatToString
                0x00003bf4       0x58 ./src/hal/actuators/lcd.o
                0x00003bf4                LCD_floatToString
 .text.LED_init
                0x00003c4c       0x2c ./src/hal/actuators/led.o
                0x00003c4c                LED_init
 .text.LED_on   0x00003c78       0x2c ./src/hal/actuators/led.o
                0x00003c78                LED_on
 .text.LED_off  0x00003ca4       0x2c ./src/hal/actuators/led.o
                0x00003ca4                LED_off
 .text.SOLENOID_init
                0x00003cd0       0x2c ./src/hal/actuators/solenoid_lock.o
                0x00003cd0                SOLENOID_init
 .text.SOLENOID_on
                0x00003cfc       0x2c ./src/hal/actuators/solenoid_lock.o
                0x00003cfc                SOLENOID_on
 .text.SOLENOID_off
                0x00003d28       0x2c ./src/hal/actuators/solenoid_lock.o
                0x00003d28                SOLENOID_off
 .text.SOLENOID_read
                0x00003d54       0x2a ./src/hal/actuators/solenoid_lock.o
                0x00003d54                SOLENOID_read
 .text.floodHandler
                0x00003d7e       0x50 ./src/app/subsystems/water_flood_system/water_flood_system.o
                0x00003d7e                floodHandler
 .text.WATER_FLOOD_SYSTEM_Init
                0x00003dce       0x24 ./src/app/subsystems/water_flood_system/water_flood_system.o
                0x00003dce                WATER_FLOOD_SYSTEM_Init
 .text.lockDoor
                0x00003df2       0x16 ./src/app/subsystems/smart_door_lock_system/smart_door_lock_system.o
 .text.unlockDoor
                0x00003e08       0x16 ./src/app/subsystems/smart_door_lock_system/smart_door_lock_system.o
 .text.setLcdDelay
                0x00003e1e       0x24 ./src/app/subsystems/smart_door_lock_system/smart_door_lock_system.o
 .text.setMode  0x00003e42      0x17e ./src/app/subsystems/smart_door_lock_system/smart_door_lock_system.o
                0x00003e42                setMode
 .text.lcdDelayHandler
                0x00003fc0       0x6e ./src/app/subsystems/smart_door_lock_system/smart_door_lock_system.o
 .text.setPin   0x0000402e       0x74 ./src/app/subsystems/smart_door_lock_system/smart_door_lock_system.o
 .text.getPin   0x000040a2       0x5c ./src/app/subsystems/smart_door_lock_system/smart_door_lock_system.o
 .text.checkPin
                0x000040fe       0x94 ./src/app/subsystems/smart_door_lock_system/smart_door_lock_system.o
 .text.inputKey
                0x00004192      0x1b4 ./src/app/subsystems/smart_door_lock_system/smart_door_lock_system.o
 .text.SMART_DOOR_LOCK_SYSTEM_Init
                0x00004346       0x44 ./src/app/subsystems/smart_door_lock_system/smart_door_lock_system.o
                0x00004346                SMART_DOOR_LOCK_SYSTEM_Init
 .text.SMART_DOOR_LOCK_SYSTEM_Listener
                0x0000438a       0x2c ./src/app/subsystems/smart_door_lock_system/smart_door_lock_system.o
                0x0000438a                SMART_DOOR_LOCK_SYSTEM_Listener
 .text.motionHandler
                0x000043b6       0x2c ./src/app/subsystems/motion_detection_system/motion_detection_system.o
 .text.MOTION_DETECTION_SYSTEM_Init
                0x000043e2       0x12 ./src/app/subsystems/motion_detection_system/motion_detection_system.o
                0x000043e2                MOTION_DETECTION_SYSTEM_Init
 .text.MOTION_DETECTION_SYSTEM_Listener
                0x000043f4       0x1a ./src/app/subsystems/motion_detection_system/motion_detection_system.o
                0x000043f4                MOTION_DETECTION_SYSTEM_Listener
 .text.gasHandler
                0x0000440e       0x56 ./src/app/subsystems/gas_system/gas_system.o
                0x0000440e                gasHandler
 .text.GAS_SYSTEM_Init
                0x00004464       0x24 ./src/app/subsystems/gas_system/gas_system.o
                0x00004464                GAS_SYSTEM_Init
 .text.fireHandler
                0x00004488       0x40 ./src/app/subsystems/fire_system/fire_system.o
 .text.FIRE_SYSTEM_Init
                0x000044c8       0x24 ./src/app/subsystems/fire_system/fire_system.o
                0x000044c8                FIRE_SYSTEM_Init
 .text.alarmHandler
                0x000044ec       0x4e ./src/app/subsystems/alarm_system/alarm_system.o
 .text.alarmOn  0x0000453a       0x12 ./src/app/subsystems/alarm_system/alarm_system.o
 .text.alarmOff
                0x0000454c       0x26 ./src/app/subsystems/alarm_system/alarm_system.o
 .text.ALARM_SYSTEM_Init
                0x00004572       0x30 ./src/app/subsystems/alarm_system/alarm_system.o
                0x00004572                ALARM_SYSTEM_Init
 .text.ALARM_SYSTEM_Listener
                0x000045a2       0x20 ./src/app/subsystems/alarm_system/alarm_system.o
                0x000045a2                ALARM_SYSTEM_Listener
 .text.Comm_HandleSend
                0x000045c2      0x168 ./src/app/communication.o
 .text.Comm_HandleReceive
                0x0000472a       0xba ./src/app/communication.o
 .text.RXHandler
                0x000047e4       0x1e ./src/app/communication.o
 .text.TXHandler
                0x00004802       0x12 ./src/app/communication.o
 .text.Comm_Init
                0x00004814       0x92 ./src/app/communication.o
                0x00004814                Comm_Init
 .text.main     0x000048a6       0x36 ./src/app/main.o
                0x000048a6                main
 .text.libgcc   0x000048dc       0x44 c:/winavr-20100110/bin/../lib/gcc/avr/4.3.3/avr5\libgcc.a(_udivmodsi4.o)
                0x000048dc                __udivmodsi4
 .text.libgcc   0x00004920        0x0 c:/winavr-20100110/bin/../lib/gcc/avr/4.3.3/avr5\libgcc.a(_exit.o)
 .text.libgcc   0x00004920        0x0 c:/winavr-20100110/bin/../lib/gcc/avr/4.3.3/avr5\libgcc.a(_copy_data.o)
 .text.libgcc   0x00004920        0x0 c:/winavr-20100110/bin/../lib/gcc/avr/4.3.3/avr5\libgcc.a(_clear_bss.o)
 .text.libgcc   0x00004920       0x38 c:/winavr-20100110/bin/../lib/gcc/avr/4.3.3/avr5\libgcc.a(_prologue.o)
                0x00004920                __prologue_saves__
 .text.libgcc   0x00004958       0x36 c:/winavr-20100110/bin/../lib/gcc/avr/4.3.3/avr5\libgcc.a(_epilogue.o)
                0x00004958                __epilogue_restores__
 .text.avr-libc
                0x0000498e       0x42 c:/winavr-20100110/bin/../lib/gcc/avr/4.3.3/../../../../avr/lib/avr5\libc.a(dtostrf.o)
                0x0000498e                dtostrf
 .text.avr-libc
                0x000049d0       0x42 c:/winavr-20100110/bin/../lib/gcc/avr/4.3.3/../../../../avr/lib/avr5\libc.a(itoa.o)
                0x000049d0                itoa
 .text.avr-libc
                0x00004a12      0x2c4 c:/winavr-20100110/bin/../lib/gcc/avr/4.3.3/../../../../avr/lib/avr5\libc.a(dtoa_prf.o)
                0x00004a12                dtoa_prf
 .text.avr-libc
                0x00004cd6      0x1b0 c:/winavr-20100110/bin/../lib/gcc/avr/4.3.3/../../../../avr/lib/avr5\libc.a(ftoa_engine.o)
                0x00004cd6                __ftoa_engine
 .text.avr-libc
                0x00004e86       0x20 c:/winavr-20100110/bin/../lib/gcc/avr/4.3.3/../../../../avr/lib/avr5\libc.a(strrev.o)
                0x00004e86                strrev
 .text.libgcc   0x00004ea6       0x28 c:/winavr-20100110/bin/../lib/gcc/avr/4.3.3/avr5\libgcc.a(_udivmodhi4.o)
                0x00004ea6                __udivmodhi4
                0x00004ece                . = ALIGN (0x2)
 *(.fini9)
 .fini9         0x00004ece        0x0 c:/winavr-20100110/bin/../lib/gcc/avr/4.3.3/avr5\libgcc.a(_exit.o)
                0x00004ece                exit
                0x00004ece                _exit
 *(.fini9)
 *(.fini8)
 *(.fini8)
 *(.fini7)
 *(.fini7)
 *(.fini6)
 *(.fini6)
 *(.fini5)
 *(.fini5)
 *(.fini4)
 *(.fini4)
 *(.fini3)
 *(.fini3)
 *(.fini2)
 *(.fini2)
 *(.fini1)
 *(.fini1)
 *(.fini0)
 .fini0         0x00004ece        0x4 c:/winavr-20100110/bin/../lib/gcc/avr/4.3.3/avr5\libgcc.a(_exit.o)
 *(.fini0)
                0x00004ed2                _etext = .

.data           0x00800060      0x1a6 load address 0x00004ed2
                0x00800060                PROVIDE (__data_start, .)
 *(.data)
 .data          0x00800060        0x0 c:/winavr-20100110/bin/../lib/gcc/avr/4.3.3/../../../../avr/lib/avr5/crtm32.o
 .data          0x00800060        0x0 ./src/test/performance_test.o
 .data          0x00800060        0x0 ./src/mcal/atmega32_eeprom.o
 .data          0x00800060        0x0 ./src/mcal/atmega32_gpio.o
 .data          0x00800060        0x0 ./src/mcal/atmega32_interrupt.o
 .data          0x00800060        0x0 ./src/mcal/atmega32_timer0.o
 .data          0x00800060        0x0 ./src/mcal/atmega32_timer1.o
 .data          0x00800060        0x0 ./src/mcal/atmega32_timer2.o
 .data          0x00800060        0x0 ./src/mcal/atmega32_uart.o
 .data          0x00800060        0x0 ./src/hal/sensors/flame_sensor.o
 .data          0x00800060        0x0 ./src/hal/sensors/mq9_sensor.o
 .data          0x00800060        0x0 ./src/hal/sensors/pir_sensor.o
 .data          0x00800060        0x0 ./src/hal/sensors/water_sensor.o
 .data          0x00800060        0x0 ./src/hal/actuators/buzzer.o
 .data          0x00800060        0x0 ./src/hal/actuators/dc_motor.o
 .data          0x00800060        0x0 ./src/hal/actuators/keypad.o
 .data          0x00800060        0x0 ./src/hal/actuators/lcd.o
 .data          0x00800060        0x0 ./src/hal/actuators/led.o
 .data          0x00800060        0x0 ./src/hal/actuators/solenoid_lock.o
 .data          0x00800060        0x0 ./src/app/subsystems/water_flood_system/water_flood_system.o
 .data          0x00800060       0x89 ./src/app/subsystems/smart_door_lock_system/smart_door_lock_system.o
 .data          0x008000e9        0x0 ./src/app/subsystems/motion_detection_system/motion_detection_system.o
 .data          0x008000e9        0x0 ./src/app/subsystems/gas_system/gas_system.o
 .data          0x008000e9        0x0 ./src/app/subsystems/fire_system/fire_system.o
 .data          0x008000e9        0x0 ./src/app/subsystems/alarm_system/alarm_system.o
 .data          0x008000e9        0x0 ./src/app/communication.o
 .data          0x008000e9        0x0 ./src/app/main.o
 .data          0x008000e9        0x0 c:/winavr-20100110/bin/../lib/gcc/avr/4.3.3/avr5\libgcc.a(_udivmodsi4.o)
 .data          0x008000e9        0x0 c:/winavr-20100110/bin/../lib/gcc/avr/4.3.3/avr5\libgcc.a(_exit.o)
 .data          0x008000e9        0x0 c:/winavr-20100110/bin/../lib/gcc/avr/4.3.3/avr5\libgcc.a(_copy_data.o)
 .data          0x008000e9        0x0 c:/winavr-20100110/bin/../lib/gcc/avr/4.3.3/avr5\libgcc.a(_clear_bss.o)
 .data          0x008000e9        0x0 c:/winavr-20100110/bin/../lib/gcc/avr/4.3.3/avr5\libgcc.a(_fixunssfsi.o)
 .data          0x008000e9        0x0 c:/winavr-20100110/bin/../lib/gcc/avr/4.3.3/avr5\libgcc.a(_addsub_sf.o)
 .data          0x008000e9        0x0 c:/winavr-20100110/bin/../lib/gcc/avr/4.3.3/avr5\libgcc.a(_mul_sf.o)
 .data          0x008000e9        0x0 c:/winavr-20100110/bin/../lib/gcc/avr/4.3.3/avr5\libgcc.a(_div_sf.o)
 .data          0x008000e9        0x0 c:/winavr-20100110/bin/../lib/gcc/avr/4.3.3/avr5\libgcc.a(_gt_sf.o)
 .data          0x008000e9        0x0 c:/winavr-20100110/bin/../lib/gcc/avr/4.3.3/avr5\libgcc.a(_ge_sf.o)
 .data          0x008000e9        0x0 c:/winavr-20100110/bin/../lib/gcc/avr/4.3.3/avr5\libgcc.a(_lt_sf.o)
 .data          0x008000e9        0x0 c:/winavr-20100110/bin/../lib/gcc/avr/4.3.3/avr5\libgcc.a(_sf_to_si.o)
 .data          0x008000e9        0x8 c:/winavr-20100110/bin/../lib/gcc/avr/4.3.3/avr5\libgcc.a(_thenan_sf.o)
                0x008000e9                __thenan_sf
 .data          0x008000f1        0x0 c:/winavr-20100110/bin/../lib/gcc/avr/4.3.3/avr5\libgcc.a(_usi_to_sf.o)
 .data          0x008000f1        0x0 c:/winavr-20100110/bin/../lib/gcc/avr/4.3.3/avr5\libgcc.a(_prologue.o)
 .data          0x008000f1        0x0 c:/winavr-20100110/bin/../lib/gcc/avr/4.3.3/avr5\libgcc.a(_epilogue.o)
 .data          0x008000f1        0x0 c:/winavr-20100110/bin/../lib/gcc/avr/4.3.3/avr5\libgcc.a(_clzsi2.o)
 .data          0x008000f1        0x0 c:/winavr-20100110/bin/../lib/gcc/avr/4.3.3/avr5\libgcc.a(_pack_sf.o)
 .data          0x008000f1        0x0 c:/winavr-20100110/bin/../lib/gcc/avr/4.3.3/avr5\libgcc.a(_unpack_sf.o)
 .data          0x008000f1        0x0 c:/winavr-20100110/bin/../lib/gcc/avr/4.3.3/avr5\libgcc.a(_fpcmp_parts_sf.o)
 .data          0x008000f1      0x100 c:/winavr-20100110/bin/../lib/gcc/avr/4.3.3/avr5\libgcc.a(_clz.o)
                0x008000f1                __clz_tab
 .data          0x008001f1        0x0 c:/winavr-20100110/bin/../lib/gcc/avr/4.3.3/../../../../avr/lib/avr5\libc.a(dtostrf.o)
 .data          0x008001f1        0x0 c:/winavr-20100110/bin/../lib/gcc/avr/4.3.3/../../../../avr/lib/avr5\libc.a(itoa.o)
 .data          0x008001f1        0x0 c:/winavr-20100110/bin/../lib/gcc/avr/4.3.3/../../../../avr/lib/avr5\libc.a(dtoa_prf.o)
 .data          0x008001f1        0x0 c:/winavr-20100110/bin/../lib/gcc/avr/4.3.3/../../../../avr/lib/avr5\libc.a(ftoa_engine.o)
 .data          0x008001f1        0x0 c:/winavr-20100110/bin/../lib/gcc/avr/4.3.3/../../../../avr/lib/avr5\libc.a(strrev.o)
 .data          0x008001f1        0x0 c:/winavr-20100110/bin/../lib/gcc/avr/4.3.3/avr5\libgcc.a(_udivmodhi4.o)
 *(.data*)
 .data.g_waterPump2
                0x008001f1        0x2 ./src/app/subsystems/water_flood_system/water_flood_system.o
                0x008001f1                g_waterPump2
 .data.g_lock   0x008001f3        0x2 ./src/app/subsystems/smart_door_lock_system/smart_door_lock_system.o
                0x008001f3                g_lock
 .data.g_isdoorLocked
                0x008001f5        0x1 ./src/app/subsystems/smart_door_lock_system/smart_door_lock_system.o
                0x008001f5                g_isdoorLocked
 .data.g_motionEnable
                0x008001f6        0x1 ./src/app/subsystems/motion_detection_system/motion_detection_system.o
                0x008001f6                g_motionEnable
 .data.g_fan    0x008001f7        0x2 ./src/app/subsystems/gas_system/gas_system.o
                0x008001f7                g_fan
 .data.g_waterPump1
                0x008001f9        0x2 ./src/app/subsystems/fire_system/fire_system.o
                0x008001f9                g_waterPump1
 .data.g_alarmBuzzer
                0x008001fb        0x2 ./src/app/subsystems/alarm_system/alarm_system.o
                0x008001fb                g_alarmBuzzer
 .data.g_alarmLED
                0x008001fd        0x2 ./src/app/subsystems/alarm_system/alarm_system.o
                0x008001fd                g_alarmLED
 *(.rodata)
 *(.rodata*)
 .rodata.C.25.1403
                0x008001ff        0x7 ./src/app/communication.o
 *(.gnu.linkonce.d*)
                0x00800206                . = ALIGN (0x2)
                0x00800206                _edata = .
                0x00800206                PROVIDE (__data_end, .)

.bss            0x00800206       0x27
                0x00800206                PROVIDE (__bss_start, .)
 *(.bss)
 .bss           0x00800206        0x0 c:/winavr-20100110/bin/../lib/gcc/avr/4.3.3/../../../../avr/lib/avr5/crtm32.o
 .bss           0x00800206        0x0 ./src/test/performance_test.o
 .bss           0x00800206        0x0 ./src/mcal/atmega32_eeprom.o
 .bss           0x00800206        0x0 ./src/mcal/atmega32_gpio.o
 .bss           0x00800206        0x0 ./src/mcal/atmega32_interrupt.o
 .bss           0x00800206        0x0 ./src/mcal/atmega32_timer0.o
 .bss           0x00800206        0x0 ./src/mcal/atmega32_timer1.o
 .bss           0x00800206        0x0 ./src/mcal/atmega32_timer2.o
 .bss           0x00800206        0x0 ./src/mcal/atmega32_uart.o
 .bss           0x00800206        0x0 ./src/hal/sensors/flame_sensor.o
 .bss           0x00800206        0x0 ./src/hal/sensors/mq9_sensor.o
 .bss           0x00800206        0x0 ./src/hal/sensors/pir_sensor.o
 .bss           0x00800206        0x0 ./src/hal/sensors/water_sensor.o
 .bss           0x00800206        0x0 ./src/hal/actuators/buzzer.o
 .bss           0x00800206        0x0 ./src/hal/actuators/dc_motor.o
 .bss           0x00800206        0x0 ./src/hal/actuators/keypad.o
 .bss           0x00800206        0x0 ./src/hal/actuators/lcd.o
 .bss           0x00800206        0x0 ./src/hal/actuators/led.o
 .bss           0x00800206        0x0 ./src/hal/actuators/solenoid_lock.o
 .bss           0x00800206        0x0 ./src/app/subsystems/water_flood_system/water_flood_system.o
 .bss           0x00800206        0x0 ./src/app/subsystems/smart_door_lock_system/smart_door_lock_system.o
 .bss           0x00800206        0x0 ./src/app/subsystems/motion_detection_system/motion_detection_system.o
 .bss           0x00800206        0x0 ./src/app/subsystems/gas_system/gas_system.o
 .bss           0x00800206        0x0 ./src/app/subsystems/fire_system/fire_system.o
 .bss           0x00800206        0x0 ./src/app/subsystems/alarm_system/alarm_system.o
 .bss           0x00800206        0x0 ./src/app/communication.o
 .bss           0x00800206        0x0 ./src/app/main.o
 .bss           0x00800206        0x0 c:/winavr-20100110/bin/../lib/gcc/avr/4.3.3/avr5\libgcc.a(_udivmodsi4.o)
 .bss           0x00800206        0x0 c:/winavr-20100110/bin/../lib/gcc/avr/4.3.3/avr5\libgcc.a(_exit.o)
 .bss           0x00800206        0x0 c:/winavr-20100110/bin/../lib/gcc/avr/4.3.3/avr5\libgcc.a(_copy_data.o)
 .bss           0x00800206        0x0 c:/winavr-20100110/bin/../lib/gcc/avr/4.3.3/avr5\libgcc.a(_clear_bss.o)
 .bss           0x00800206        0x0 c:/winavr-20100110/bin/../lib/gcc/avr/4.3.3/avr5\libgcc.a(_fixunssfsi.o)
 .bss           0x00800206        0x0 c:/winavr-20100110/bin/../lib/gcc/avr/4.3.3/avr5\libgcc.a(_addsub_sf.o)
 .bss           0x00800206        0x0 c:/winavr-20100110/bin/../lib/gcc/avr/4.3.3/avr5\libgcc.a(_mul_sf.o)
 .bss           0x00800206        0x0 c:/winavr-20100110/bin/../lib/gcc/avr/4.3.3/avr5\libgcc.a(_div_sf.o)
 .bss           0x00800206        0x0 c:/winavr-20100110/bin/../lib/gcc/avr/4.3.3/avr5\libgcc.a(_gt_sf.o)
 .bss           0x00800206        0x0 c:/winavr-20100110/bin/../lib/gcc/avr/4.3.3/avr5\libgcc.a(_ge_sf.o)
 .bss           0x00800206        0x0 c:/winavr-20100110/bin/../lib/gcc/avr/4.3.3/avr5\libgcc.a(_lt_sf.o)
 .bss           0x00800206        0x0 c:/winavr-20100110/bin/../lib/gcc/avr/4.3.3/avr5\libgcc.a(_sf_to_si.o)
 .bss           0x00800206        0x0 c:/winavr-20100110/bin/../lib/gcc/avr/4.3.3/avr5\libgcc.a(_thenan_sf.o)
 .bss           0x00800206        0x0 c:/winavr-20100110/bin/../lib/gcc/avr/4.3.3/avr5\libgcc.a(_usi_to_sf.o)
 .bss           0x00800206        0x0 c:/winavr-20100110/bin/../lib/gcc/avr/4.3.3/avr5\libgcc.a(_prologue.o)
 .bss           0x00800206        0x0 c:/winavr-20100110/bin/../lib/gcc/avr/4.3.3/avr5\libgcc.a(_epilogue.o)
 .bss           0x00800206        0x0 c:/winavr-20100110/bin/../lib/gcc/avr/4.3.3/avr5\libgcc.a(_clzsi2.o)
 .bss           0x00800206        0x0 c:/winavr-20100110/bin/../lib/gcc/avr/4.3.3/avr5\libgcc.a(_pack_sf.o)
 .bss           0x00800206        0x0 c:/winavr-20100110/bin/../lib/gcc/avr/4.3.3/avr5\libgcc.a(_unpack_sf.o)
 .bss           0x00800206        0x0 c:/winavr-20100110/bin/../lib/gcc/avr/4.3.3/avr5\libgcc.a(_fpcmp_parts_sf.o)
 .bss           0x00800206        0x0 c:/winavr-20100110/bin/../lib/gcc/avr/4.3.3/avr5\libgcc.a(_clz.o)
 .bss           0x00800206        0x0 c:/winavr-20100110/bin/../lib/gcc/avr/4.3.3/../../../../avr/lib/avr5\libc.a(dtostrf.o)
 .bss           0x00800206        0x0 c:/winavr-20100110/bin/../lib/gcc/avr/4.3.3/../../../../avr/lib/avr5\libc.a(itoa.o)
 .bss           0x00800206        0x0 c:/winavr-20100110/bin/../lib/gcc/avr/4.3.3/../../../../avr/lib/avr5\libc.a(dtoa_prf.o)
 .bss           0x00800206        0x0 c:/winavr-20100110/bin/../lib/gcc/avr/4.3.3/../../../../avr/lib/avr5\libc.a(ftoa_engine.o)
 .bss           0x00800206        0x0 c:/winavr-20100110/bin/../lib/gcc/avr/4.3.3/../../../../avr/lib/avr5\libc.a(strrev.o)
 .bss           0x00800206        0x0 c:/winavr-20100110/bin/../lib/gcc/avr/4.3.3/avr5\libgcc.a(_udivmodhi4.o)
 *(.bss*)
 .bss.g_callBackPtrInt0
                0x00800206        0x2 ./src/mcal/atmega32_interrupt.o
 .bss.g_callBackPtrInt1
                0x00800208        0x2 ./src/mcal/atmega32_interrupt.o
 .bss.g_callBackPtrInt2
                0x0080020a        0x2 ./src/mcal/atmega32_interrupt.o
 .bss.g_callBackPtrOVF0
                0x0080020c        0x2 ./src/mcal/atmega32_timer0.o
 .bss.g_clock   0x0080020e        0x1 ./src/mcal/atmega32_timer0.o
 .bss.g_callBackPtrOVF1
                0x0080020f        0x2 ./src/mcal/atmega32_timer1.o
 .bss.g_clock   0x00800211        0x1 ./src/mcal/atmega32_timer1.o
 .bss.g_callBackPtrOVF2
                0x00800212        0x2 ./src/mcal/atmega32_timer2.o
 .bss.g_clock   0x00800214        0x1 ./src/mcal/atmega32_timer2.o
 .bss.g_callBackPtrUDR
                0x00800215        0x2 ./src/mcal/atmega32_uart.o
 .bss.g_callBackPtrTX
                0x00800217        0x2 ./src/mcal/atmega32_uart.o
 .bss.g_callBackPtrRX
                0x00800219        0x2 ./src/mcal/atmega32_uart.o
 .bss.g_lcdTimerCount
                0x0080021b        0x2 ./src/app/subsystems/smart_door_lock_system/smart_door_lock_system.o
                0x0080021b                g_lcdTimerCount
 .bss.g_correctPin
                0x0080021d        0x4 ./src/app/subsystems/smart_door_lock_system/smart_door_lock_system.o
                0x0080021d                g_correctPin
 .bss.g_pinCount
                0x00800221        0x1 ./src/app/subsystems/smart_door_lock_system/smart_door_lock_system.o
                0x00800221                g_pinCount
 .bss.g_lcdDelay
                0x00800222        0x1 ./src/app/subsystems/smart_door_lock_system/smart_door_lock_system.o
                0x00800222                g_lcdDelay
 .bss.g_doorOpened
                0x00800223        0x1 ./src/app/subsystems/smart_door_lock_system/smart_door_lock_system.o
                0x00800223                g_doorOpened
 .bss.g_mode    0x00800224        0x1 ./src/app/subsystems/smart_door_lock_system/smart_door_lock_system.o
                0x00800224                g_mode
 .bss.g_lcdDelayFlag
                0x00800225        0x1 ./src/app/subsystems/smart_door_lock_system/smart_door_lock_system.o
                0x00800225                g_lcdDelayFlag
 .bss.g_alarmTimerCount
                0x00800226        0x1 ./src/app/subsystems/alarm_system/alarm_system.o
                0x00800226                g_alarmTimerCount
 .bss.g_threatFlag
                0x00800227        0x1 ./src/app/subsystems/alarm_system/alarm_system.o
                0x00800227                g_threatFlag
 .bss.g_transmitFlag
                0x00800228        0x1 ./src/app/communication.o
 *(COMMON)
 COMMON         0x00800229        0x4 ./src/app/subsystems/smart_door_lock_system/smart_door_lock_system.o
                0x00800229                g_enteredPin
                0x0080022d                PROVIDE (__bss_end, .)
                0x00004ed2                __data_load_start = LOADADDR (.data)
                0x00005078                __data_load_end = (__data_load_start + SIZEOF (.data))

.noinit         0x0080022d        0x0
                0x0080022d                PROVIDE (__noinit_start, .)
 *(.noinit*)
                0x0080022d                PROVIDE (__noinit_end, .)
                0x0080022d                _end = .
                0x0080022d                PROVIDE (__heap_start, .)

.eeprom         0x00810000        0x0
 *(.eeprom*)
                0x00810000                __eeprom_end = .

.fuse
 *(.fuse)
 *(.lfuse)
 *(.hfuse)
 *(.efuse)

.lock
 *(.lock*)

.signature
 *(.signature*)

.stab           0x00000000     0x66b4
 *(.stab)
 .stab          0x00000000      0x2dc ./src/test/performance_test.o
 .stab          0x000002dc      0x450 ./src/mcal/atmega32_eeprom.o
                                0x45c (size before relaxing)
 .stab          0x0000072c      0x504 ./src/mcal/atmega32_gpio.o
                                0x750 (size before relaxing)
 .stab          0x00000c30      0x42c ./src/mcal/atmega32_interrupt.o
                                0x6b4 (size before relaxing)
 .stab          0x0000105c      0x384 ./src/mcal/atmega32_timer0.o
                                0x5dc (size before relaxing)
 .stab          0x000013e0      0x384 ./src/mcal/atmega32_timer1.o
                                0x5dc (size before relaxing)
 .stab          0x00001764      0x384 ./src/mcal/atmega32_timer2.o
                                0x5dc (size before relaxing)
 .stab          0x00001ae8      0x6fc ./src/mcal/atmega32_uart.o
                                0x948 (size before relaxing)
 .stab          0x000021e4      0x234 ./src/hal/sensors/flame_sensor.o
                                0x240 (size before relaxing)
 .stab          0x00002418      0x168 ./src/hal/sensors/mq9_sensor.o
                                0x240 (size before relaxing)
 .stab          0x00002580      0x168 ./src/hal/sensors/pir_sensor.o
                                0x240 (size before relaxing)
 .stab          0x000026e8      0x168 ./src/hal/sensors/water_sensor.o
                                0x240 (size before relaxing)
 .stab          0x00002850      0x294 ./src/hal/actuators/buzzer.o
                                0x2a0 (size before relaxing)
 .stab          0x00002ae4      0x1c8 ./src/hal/actuators/dc_motor.o
                                0x2a0 (size before relaxing)
 .stab          0x00002cac      0x3cc ./src/hal/actuators/keypad.o
                                0x624 (size before relaxing)
 .stab          0x00003078     0x10f8 ./src/hal/actuators/lcd.o
                               0x135c (size before relaxing)
 .stab          0x00004170      0x1c8 ./src/hal/actuators/led.o
                                0x2a0 (size before relaxing)
 .stab          0x00004338      0x204 ./src/hal/actuators/solenoid_lock.o
                                0x2dc (size before relaxing)
 .stab          0x0000453c      0x30c ./src/app/subsystems/water_flood_system/water_flood_system.o
                                0x318 (size before relaxing)
 .stab          0x00004848      0xa98 ./src/app/subsystems/smart_door_lock_system/smart_door_lock_system.o
                                0xc30 (size before relaxing)
 .stab          0x000052e0      0x27c ./src/app/subsystems/motion_detection_system/motion_detection_system.o
                                0x288 (size before relaxing)
 .stab          0x0000555c      0x30c ./src/app/subsystems/gas_system/gas_system.o
                                0x318 (size before relaxing)
 .stab          0x00005868      0x300 ./src/app/subsystems/fire_system/fire_system.o
                                0x30c (size before relaxing)
 .stab          0x00005b68      0x438 ./src/app/subsystems/alarm_system/alarm_system.o
                                0x444 (size before relaxing)
 .stab          0x00005fa0      0x540 ./src/app/communication.o
                                0x594 (size before relaxing)
 .stab          0x000064e0      0x1d4 ./src/app/main.o
                                0x2c4 (size before relaxing)

.stabstr        0x00000000     0x385b
 *(.stabstr)
 .stabstr       0x00000000     0x385b ./src/test/performance_test.o

.stab.excl
 *(.stab.excl)

.stab.exclstr
 *(.stab.exclstr)

.stab.index
 *(.stab.index)

.stab.indexstr
 *(.stab.indexstr)

.comment
 *(.comment)

.debug
 *(.debug)

.line
 *(.line)

.debug_srcinfo
 *(.debug_srcinfo)

.debug_sfnames
 *(.debug_sfnames)

.debug_aranges  0x00000000      0x1a0
 *(.debug_aranges)
 .debug_aranges
                0x00000000       0x20 c:/winavr-20100110/bin/../lib/gcc/avr/4.3.3/avr5\libgcc.a(_fixunssfsi.o)
 .debug_aranges
                0x00000020       0x20 c:/winavr-20100110/bin/../lib/gcc/avr/4.3.3/avr5\libgcc.a(_addsub_sf.o)
 .debug_aranges
                0x00000040       0x20 c:/winavr-20100110/bin/../lib/gcc/avr/4.3.3/avr5\libgcc.a(_mul_sf.o)
 .debug_aranges
                0x00000060       0x20 c:/winavr-20100110/bin/../lib/gcc/avr/4.3.3/avr5\libgcc.a(_div_sf.o)
 .debug_aranges
                0x00000080       0x20 c:/winavr-20100110/bin/../lib/gcc/avr/4.3.3/avr5\libgcc.a(_gt_sf.o)
 .debug_aranges
                0x000000a0       0x20 c:/winavr-20100110/bin/../lib/gcc/avr/4.3.3/avr5\libgcc.a(_ge_sf.o)
 .debug_aranges
                0x000000c0       0x20 c:/winavr-20100110/bin/../lib/gcc/avr/4.3.3/avr5\libgcc.a(_lt_sf.o)
 .debug_aranges
                0x000000e0       0x20 c:/winavr-20100110/bin/../lib/gcc/avr/4.3.3/avr5\libgcc.a(_sf_to_si.o)
 .debug_aranges
                0x00000100       0x20 c:/winavr-20100110/bin/../lib/gcc/avr/4.3.3/avr5\libgcc.a(_usi_to_sf.o)
 .debug_aranges
                0x00000120       0x20 c:/winavr-20100110/bin/../lib/gcc/avr/4.3.3/avr5\libgcc.a(_clzsi2.o)
 .debug_aranges
                0x00000140       0x20 c:/winavr-20100110/bin/../lib/gcc/avr/4.3.3/avr5\libgcc.a(_pack_sf.o)
 .debug_aranges
                0x00000160       0x20 c:/winavr-20100110/bin/../lib/gcc/avr/4.3.3/avr5\libgcc.a(_unpack_sf.o)
 .debug_aranges
                0x00000180       0x20 c:/winavr-20100110/bin/../lib/gcc/avr/4.3.3/avr5\libgcc.a(_fpcmp_parts_sf.o)

.debug_pubnames
                0x00000000      0x1f2
 *(.debug_pubnames)
 .debug_pubnames
                0x00000000       0x23 c:/winavr-20100110/bin/../lib/gcc/avr/4.3.3/avr5\libgcc.a(_fixunssfsi.o)
 .debug_pubnames
                0x00000023       0x2c c:/winavr-20100110/bin/../lib/gcc/avr/4.3.3/avr5\libgcc.a(_addsub_sf.o)
 .debug_pubnames
                0x0000004f       0x1f c:/winavr-20100110/bin/../lib/gcc/avr/4.3.3/avr5\libgcc.a(_mul_sf.o)
 .debug_pubnames
                0x0000006e       0x1f c:/winavr-20100110/bin/../lib/gcc/avr/4.3.3/avr5\libgcc.a(_div_sf.o)
 .debug_pubnames
                0x0000008d       0x1e c:/winavr-20100110/bin/../lib/gcc/avr/4.3.3/avr5\libgcc.a(_gt_sf.o)
 .debug_pubnames
                0x000000ab       0x1e c:/winavr-20100110/bin/../lib/gcc/avr/4.3.3/avr5\libgcc.a(_ge_sf.o)
 .debug_pubnames
                0x000000c9       0x1e c:/winavr-20100110/bin/../lib/gcc/avr/4.3.3/avr5\libgcc.a(_lt_sf.o)
 .debug_pubnames
                0x000000e7       0x20 c:/winavr-20100110/bin/../lib/gcc/avr/4.3.3/avr5\libgcc.a(_sf_to_si.o)
 .debug_pubnames
                0x00000107       0x22 c:/winavr-20100110/bin/../lib/gcc/avr/4.3.3/avr5\libgcc.a(_thenan_sf.o)
 .debug_pubnames
                0x00000129       0x24 c:/winavr-20100110/bin/../lib/gcc/avr/4.3.3/avr5\libgcc.a(_usi_to_sf.o)
 .debug_pubnames
                0x0000014d       0x1f c:/winavr-20100110/bin/../lib/gcc/avr/4.3.3/avr5\libgcc.a(_clzsi2.o)
 .debug_pubnames
                0x0000016c       0x1f c:/winavr-20100110/bin/../lib/gcc/avr/4.3.3/avr5\libgcc.a(_pack_sf.o)
 .debug_pubnames
                0x0000018b       0x21 c:/winavr-20100110/bin/../lib/gcc/avr/4.3.3/avr5\libgcc.a(_unpack_sf.o)
 .debug_pubnames
                0x000001ac       0x26 c:/winavr-20100110/bin/../lib/gcc/avr/4.3.3/avr5\libgcc.a(_fpcmp_parts_sf.o)
 .debug_pubnames
                0x000001d2       0x20 c:/winavr-20100110/bin/../lib/gcc/avr/4.3.3/avr5\libgcc.a(_clz.o)

.debug_info     0x00000000     0x240b
 *(.debug_info)
 .debug_info    0x00000000       0xb1 c:/winavr-20100110/bin/../lib/gcc/avr/4.3.3/avr5\libgcc.a(_fixunssfsi.o)
 .debug_info    0x000000b1      0x47a c:/winavr-20100110/bin/../lib/gcc/avr/4.3.3/avr5\libgcc.a(_addsub_sf.o)
 .debug_info    0x0000052b      0x485 c:/winavr-20100110/bin/../lib/gcc/avr/4.3.3/avr5\libgcc.a(_mul_sf.o)
 .debug_info    0x000009b0      0x3fc c:/winavr-20100110/bin/../lib/gcc/avr/4.3.3/avr5\libgcc.a(_div_sf.o)
 .debug_info    0x00000dac      0x27f c:/winavr-20100110/bin/../lib/gcc/avr/4.3.3/avr5\libgcc.a(_gt_sf.o)
 .debug_info    0x0000102b      0x27f c:/winavr-20100110/bin/../lib/gcc/avr/4.3.3/avr5\libgcc.a(_ge_sf.o)
 .debug_info    0x000012aa      0x27f c:/winavr-20100110/bin/../lib/gcc/avr/4.3.3/avr5\libgcc.a(_lt_sf.o)
 .debug_info    0x00001529      0x2b0 c:/winavr-20100110/bin/../lib/gcc/avr/4.3.3/avr5\libgcc.a(_sf_to_si.o)
 .debug_info    0x000017d9      0x12c c:/winavr-20100110/bin/../lib/gcc/avr/4.3.3/avr5\libgcc.a(_thenan_sf.o)
 .debug_info    0x00001905      0x206 c:/winavr-20100110/bin/../lib/gcc/avr/4.3.3/avr5\libgcc.a(_usi_to_sf.o)
 .debug_info    0x00001b0b      0x117 c:/winavr-20100110/bin/../lib/gcc/avr/4.3.3/avr5\libgcc.a(_clzsi2.o)
 .debug_info    0x00001c22      0x2df c:/winavr-20100110/bin/../lib/gcc/avr/4.3.3/avr5\libgcc.a(_pack_sf.o)
 .debug_info    0x00001f01      0x251 c:/winavr-20100110/bin/../lib/gcc/avr/4.3.3/avr5\libgcc.a(_unpack_sf.o)
 .debug_info    0x00002152      0x210 c:/winavr-20100110/bin/../lib/gcc/avr/4.3.3/avr5\libgcc.a(_fpcmp_parts_sf.o)
 .debug_info    0x00002362       0xa9 c:/winavr-20100110/bin/../lib/gcc/avr/4.3.3/avr5\libgcc.a(_clz.o)
 *(.gnu.linkonce.wi.*)

.debug_abbrev   0x00000000     0x1386
 *(.debug_abbrev)
 .debug_abbrev  0x00000000       0x5d c:/winavr-20100110/bin/../lib/gcc/avr/4.3.3/avr5\libgcc.a(_fixunssfsi.o)
 .debug_abbrev  0x0000005d      0x1ea c:/winavr-20100110/bin/../lib/gcc/avr/4.3.3/avr5\libgcc.a(_addsub_sf.o)
 .debug_abbrev  0x00000247      0x21b c:/winavr-20100110/bin/../lib/gcc/avr/4.3.3/avr5\libgcc.a(_mul_sf.o)
 .debug_abbrev  0x00000462      0x216 c:/winavr-20100110/bin/../lib/gcc/avr/4.3.3/avr5\libgcc.a(_div_sf.o)
 .debug_abbrev  0x00000678      0x15a c:/winavr-20100110/bin/../lib/gcc/avr/4.3.3/avr5\libgcc.a(_gt_sf.o)
 .debug_abbrev  0x000007d2      0x15a c:/winavr-20100110/bin/../lib/gcc/avr/4.3.3/avr5\libgcc.a(_ge_sf.o)
 .debug_abbrev  0x0000092c      0x15a c:/winavr-20100110/bin/../lib/gcc/avr/4.3.3/avr5\libgcc.a(_lt_sf.o)
 .debug_abbrev  0x00000a86      0x17f c:/winavr-20100110/bin/../lib/gcc/avr/4.3.3/avr5\libgcc.a(_sf_to_si.o)
 .debug_abbrev  0x00000c05       0xad c:/winavr-20100110/bin/../lib/gcc/avr/4.3.3/avr5\libgcc.a(_thenan_sf.o)
 .debug_abbrev  0x00000cb2      0x157 c:/winavr-20100110/bin/../lib/gcc/avr/4.3.3/avr5\libgcc.a(_usi_to_sf.o)
 .debug_abbrev  0x00000e09       0xc4 c:/winavr-20100110/bin/../lib/gcc/avr/4.3.3/avr5\libgcc.a(_clzsi2.o)
 .debug_abbrev  0x00000ecd      0x1c0 c:/winavr-20100110/bin/../lib/gcc/avr/4.3.3/avr5\libgcc.a(_pack_sf.o)
 .debug_abbrev  0x0000108d      0x154 c:/winavr-20100110/bin/../lib/gcc/avr/4.3.3/avr5\libgcc.a(_unpack_sf.o)
 .debug_abbrev  0x000011e1      0x13b c:/winavr-20100110/bin/../lib/gcc/avr/4.3.3/avr5\libgcc.a(_fpcmp_parts_sf.o)
 .debug_abbrev  0x0000131c       0x6a c:/winavr-20100110/bin/../lib/gcc/avr/4.3.3/avr5\libgcc.a(_clz.o)

.debug_line     0x00000000     0x11d6
 *(.debug_line)
 .debug_line    0x00000000       0xa7 c:/winavr-20100110/bin/../lib/gcc/avr/4.3.3/avr5\libgcc.a(_fixunssfsi.o)
 .debug_line    0x000000a7      0x2af c:/winavr-20100110/bin/../lib/gcc/avr/4.3.3/avr5\libgcc.a(_addsub_sf.o)
 .debug_line    0x00000356      0x239 c:/winavr-20100110/bin/../lib/gcc/avr/4.3.3/avr5\libgcc.a(_mul_sf.o)
 .debug_line    0x0000058f      0x1d5 c:/winavr-20100110/bin/../lib/gcc/avr/4.3.3/avr5\libgcc.a(_div_sf.o)
 .debug_line    0x00000764       0xd3 c:/winavr-20100110/bin/../lib/gcc/avr/4.3.3/avr5\libgcc.a(_gt_sf.o)
 .debug_line    0x00000837       0xd3 c:/winavr-20100110/bin/../lib/gcc/avr/4.3.3/avr5\libgcc.a(_ge_sf.o)
 .debug_line    0x0000090a       0xd3 c:/winavr-20100110/bin/../lib/gcc/avr/4.3.3/avr5\libgcc.a(_lt_sf.o)
 .debug_line    0x000009dd      0x109 c:/winavr-20100110/bin/../lib/gcc/avr/4.3.3/avr5\libgcc.a(_sf_to_si.o)
 .debug_line    0x00000ae6       0x90 c:/winavr-20100110/bin/../lib/gcc/avr/4.3.3/avr5\libgcc.a(_thenan_sf.o)
 .debug_line    0x00000b76      0x133 c:/winavr-20100110/bin/../lib/gcc/avr/4.3.3/avr5\libgcc.a(_usi_to_sf.o)
 .debug_line    0x00000ca9       0xa5 c:/winavr-20100110/bin/../lib/gcc/avr/4.3.3/avr5\libgcc.a(_clzsi2.o)
 .debug_line    0x00000d4e      0x18a c:/winavr-20100110/bin/../lib/gcc/avr/4.3.3/avr5\libgcc.a(_pack_sf.o)
 .debug_line    0x00000ed8      0x14b c:/winavr-20100110/bin/../lib/gcc/avr/4.3.3/avr5\libgcc.a(_unpack_sf.o)
 .debug_line    0x00001023      0x137 c:/winavr-20100110/bin/../lib/gcc/avr/4.3.3/avr5\libgcc.a(_fpcmp_parts_sf.o)
 .debug_line    0x0000115a       0x7c c:/winavr-20100110/bin/../lib/gcc/avr/4.3.3/avr5\libgcc.a(_clz.o)

.debug_frame    0x00000000      0x1c0
 *(.debug_frame)
 .debug_frame   0x00000000       0x20 c:/winavr-20100110/bin/../lib/gcc/avr/4.3.3/avr5\libgcc.a(_fixunssfsi.o)
 .debug_frame   0x00000020       0x40 c:/winavr-20100110/bin/../lib/gcc/avr/4.3.3/avr5\libgcc.a(_addsub_sf.o)
 .debug_frame   0x00000060       0x20 c:/winavr-20100110/bin/../lib/gcc/avr/4.3.3/avr5\libgcc.a(_mul_sf.o)
 .debug_frame   0x00000080       0x20 c:/winavr-20100110/bin/../lib/gcc/avr/4.3.3/avr5\libgcc.a(_div_sf.o)
 .debug_frame   0x000000a0       0x20 c:/winavr-20100110/bin/../lib/gcc/avr/4.3.3/avr5\libgcc.a(_gt_sf.o)
 .debug_frame   0x000000c0       0x20 c:/winavr-20100110/bin/../lib/gcc/avr/4.3.3/avr5\libgcc.a(_ge_sf.o)
 .debug_frame   0x000000e0       0x20 c:/winavr-20100110/bin/../lib/gcc/avr/4.3.3/avr5\libgcc.a(_lt_sf.o)
 .debug_frame   0x00000100       0x20 c:/winavr-20100110/bin/../lib/gcc/avr/4.3.3/avr5\libgcc.a(_sf_to_si.o)
 .debug_frame   0x00000120       0x20 c:/winavr-20100110/bin/../lib/gcc/avr/4.3.3/avr5\libgcc.a(_usi_to_sf.o)
 .debug_frame   0x00000140       0x20 c:/winavr-20100110/bin/../lib/gcc/avr/4.3.3/avr5\libgcc.a(_clzsi2.o)
 .debug_frame   0x00000160       0x20 c:/winavr-20100110/bin/../lib/gcc/avr/4.3.3/avr5\libgcc.a(_pack_sf.o)
 .debug_frame   0x00000180       0x20 c:/winavr-20100110/bin/../lib/gcc/avr/4.3.3/avr5\libgcc.a(_unpack_sf.o)
 .debug_frame   0x000001a0       0x20 c:/winavr-20100110/bin/../lib/gcc/avr/4.3.3/avr5\libgcc.a(_fpcmp_parts_sf.o)

.debug_str      0x00000000      0x2f6
 *(.debug_str)
 .debug_str     0x00000000       0xbf c:/winavr-20100110/bin/../lib/gcc/avr/4.3.3/avr5\libgcc.a(_fixunssfsi.o)
                                 0xfe (size before relaxing)
 .debug_str     0x000000bf      0x14d c:/winavr-20100110/bin/../lib/gcc/avr/4.3.3/avr5\libgcc.a(_addsub_sf.o)
                                0x206 (size before relaxing)
 .debug_str     0x0000020c       0x27 c:/winavr-20100110/bin/../lib/gcc/avr/4.3.3/avr5\libgcc.a(_mul_sf.o)
                                0x1bf (size before relaxing)
 .debug_str     0x00000233       0x35 c:/winavr-20100110/bin/../lib/gcc/avr/4.3.3/avr5\libgcc.a(_div_sf.o)
                                0x1c8 (size before relaxing)
 .debug_str     0x00000268        0x8 c:/winavr-20100110/bin/../lib/gcc/avr/4.3.3/avr5\libgcc.a(_gt_sf.o)
                                0x195 (size before relaxing)
 .debug_str     0x00000270        0x8 c:/winavr-20100110/bin/../lib/gcc/avr/4.3.3/avr5\libgcc.a(_ge_sf.o)
                                0x195 (size before relaxing)
 .debug_str     0x00000278        0x8 c:/winavr-20100110/bin/../lib/gcc/avr/4.3.3/avr5\libgcc.a(_lt_sf.o)
                                0x195 (size before relaxing)
 .debug_str     0x00000280        0xa c:/winavr-20100110/bin/../lib/gcc/avr/4.3.3/avr5\libgcc.a(_sf_to_si.o)
                                0x19e (size before relaxing)
 .debug_str     0x00000000      0x103 c:/winavr-20100110/bin/../lib/gcc/avr/4.3.3/avr5\libgcc.a(_thenan_sf.o)
 .debug_str     0x0000028a       0x21 c:/winavr-20100110/bin/../lib/gcc/avr/4.3.3/avr5\libgcc.a(_usi_to_sf.o)
                                0x177 (size before relaxing)
 .debug_str     0x000002ab       0x20 c:/winavr-20100110/bin/../lib/gcc/avr/4.3.3/avr5\libgcc.a(_clzsi2.o)
                                0x111 (size before relaxing)
 .debug_str     0x000002cb       0x10 c:/winavr-20100110/bin/../lib/gcc/avr/4.3.3/avr5\libgcc.a(_pack_sf.o)
                                0x19d (size before relaxing)
 .debug_str     0x000002db        0xb c:/winavr-20100110/bin/../lib/gcc/avr/4.3.3/avr5\libgcc.a(_unpack_sf.o)
                                0x17f (size before relaxing)
 .debug_str     0x000002e6       0x10 c:/winavr-20100110/bin/../lib/gcc/avr/4.3.3/avr5\libgcc.a(_fpcmp_parts_sf.o)
                                0x163 (size before relaxing)
 .debug_str     0x00000000       0xf4 c:/winavr-20100110/bin/../lib/gcc/avr/4.3.3/avr5\libgcc.a(_clz.o)

.debug_loc      0x00000000      0x96e
 *(.debug_loc)
 .debug_loc     0x00000000       0x34 c:/winavr-20100110/bin/../lib/gcc/avr/4.3.3/avr5\libgcc.a(_fixunssfsi.o)
 .debug_loc     0x00000034      0x32a c:/winavr-20100110/bin/../lib/gcc/avr/4.3.3/avr5\libgcc.a(_addsub_sf.o)
 .debug_loc     0x0000035e      0x104 c:/winavr-20100110/bin/../lib/gcc/avr/4.3.3/avr5\libgcc.a(_mul_sf.o)
 .debug_loc     0x00000462       0xc0 c:/winavr-20100110/bin/../lib/gcc/avr/4.3.3/avr5\libgcc.a(_div_sf.o)
 .debug_loc     0x00000522       0x3c c:/winavr-20100110/bin/../lib/gcc/avr/4.3.3/avr5\libgcc.a(_gt_sf.o)
 .debug_loc     0x0000055e       0x3c c:/winavr-20100110/bin/../lib/gcc/avr/4.3.3/avr5\libgcc.a(_ge_sf.o)
 .debug_loc     0x0000059a       0x3c c:/winavr-20100110/bin/../lib/gcc/avr/4.3.3/avr5\libgcc.a(_lt_sf.o)
 .debug_loc     0x000005d6       0x7e c:/winavr-20100110/bin/../lib/gcc/avr/4.3.3/avr5\libgcc.a(_sf_to_si.o)
 .debug_loc     0x00000654       0x4c c:/winavr-20100110/bin/../lib/gcc/avr/4.3.3/avr5\libgcc.a(_usi_to_sf.o)
 .debug_loc     0x000006a0       0x94 c:/winavr-20100110/bin/../lib/gcc/avr/4.3.3/avr5\libgcc.a(_clzsi2.o)
 .debug_loc     0x00000734      0x13e c:/winavr-20100110/bin/../lib/gcc/avr/4.3.3/avr5\libgcc.a(_pack_sf.o)
 .debug_loc     0x00000872       0xac c:/winavr-20100110/bin/../lib/gcc/avr/4.3.3/avr5\libgcc.a(_unpack_sf.o)
 .debug_loc     0x0000091e       0x50 c:/winavr-20100110/bin/../lib/gcc/avr/4.3.3/avr5\libgcc.a(_fpcmp_parts_sf.o)

.debug_macinfo
 *(.debug_macinfo)
OUTPUT(Home_Security_System.elf elf32-avr)
LOAD linker stubs

.debug_ranges   0x00000000       0x50
 .debug_ranges  0x00000000       0x50 c:/winavr-20100110/bin/../lib/gcc/avr/4.3.3/avr5\libgcc.a(_mul_sf.o)
