Archive member included because of file (symbol)

c:/winavr-20100110/bin/../lib/gcc/avr/4.3.3/avr5\libgcc.a(_udivmodsi4.o)
                              ./src/mcal/atmega32_uart.o (__udivmodsi4)
c:/winavr-20100110/bin/../lib/gcc/avr/4.3.3/avr5\libgcc.a(_exit.o)
                              c:/winavr-20100110/bin/../lib/gcc/avr/4.3.3/../../../../avr/lib/avr5/crtm32.o (exit)
c:/winavr-20100110/bin/../lib/gcc/avr/4.3.3/avr5\libgcc.a(_copy_data.o)
                              ./src/app/subsystems/water_flood_system/water_flood_system.o (__do_copy_data)
c:/winavr-20100110/bin/../lib/gcc/avr/4.3.3/avr5\libgcc.a(_clear_bss.o)
                              ./src/mcal/atmega32_interrupt.o (__do_clear_bss)
c:/winavr-20100110/bin/../lib/gcc/avr/4.3.3/avr5\libgcc.a(_fixunssfsi.o)
                              ./src/hal/actuators/keypad.o (__fixunssfsi)
c:/winavr-20100110/bin/../lib/gcc/avr/4.3.3/avr5\libgcc.a(_addsub_sf.o)
                              c:/winavr-20100110/bin/../lib/gcc/avr/4.3.3/avr5\libgcc.a(_fixunssfsi.o) (__subsf3)
c:/winavr-20100110/bin/../lib/gcc/avr/4.3.3/avr5\libgcc.a(_mul_sf.o)
                              ./src/hal/actuators/keypad.o (__mulsf3)
c:/winavr-20100110/bin/../lib/gcc/avr/4.3.3/avr5\libgcc.a(_gt_sf.o)
                              ./src/hal/actuators/keypad.o (__gtsf2)
c:/winavr-20100110/bin/../lib/gcc/avr/4.3.3/avr5\libgcc.a(_ge_sf.o)
                              c:/winavr-20100110/bin/../lib/gcc/avr/4.3.3/avr5\libgcc.a(_fixunssfsi.o) (__gesf2)
c:/winavr-20100110/bin/../lib/gcc/avr/4.3.3/avr5\libgcc.a(_lt_sf.o)
                              ./src/hal/actuators/keypad.o (__ltsf2)
c:/winavr-20100110/bin/../lib/gcc/avr/4.3.3/avr5\libgcc.a(_sf_to_si.o)
                              c:/winavr-20100110/bin/../lib/gcc/avr/4.3.3/avr5\libgcc.a(_fixunssfsi.o) (__fixsfsi)
c:/winavr-20100110/bin/../lib/gcc/avr/4.3.3/avr5\libgcc.a(_thenan_sf.o)
                              c:/winavr-20100110/bin/../lib/gcc/avr/4.3.3/avr5\libgcc.a(_addsub_sf.o) (__thenan_sf)
c:/winavr-20100110/bin/../lib/gcc/avr/4.3.3/avr5\libgcc.a(_prologue.o)
                              c:/winavr-20100110/bin/../lib/gcc/avr/4.3.3/avr5\libgcc.a(_addsub_sf.o) (__prologue_saves__)
c:/winavr-20100110/bin/../lib/gcc/avr/4.3.3/avr5\libgcc.a(_epilogue.o)
                              c:/winavr-20100110/bin/../lib/gcc/avr/4.3.3/avr5\libgcc.a(_addsub_sf.o) (__epilogue_restores__)
c:/winavr-20100110/bin/../lib/gcc/avr/4.3.3/avr5\libgcc.a(_pack_sf.o)
                              c:/winavr-20100110/bin/../lib/gcc/avr/4.3.3/avr5\libgcc.a(_addsub_sf.o) (__pack_f)
c:/winavr-20100110/bin/../lib/gcc/avr/4.3.3/avr5\libgcc.a(_unpack_sf.o)
                              c:/winavr-20100110/bin/../lib/gcc/avr/4.3.3/avr5\libgcc.a(_addsub_sf.o) (__unpack_f)
c:/winavr-20100110/bin/../lib/gcc/avr/4.3.3/avr5\libgcc.a(_fpcmp_parts_sf.o)
                              c:/winavr-20100110/bin/../lib/gcc/avr/4.3.3/avr5\libgcc.a(_gt_sf.o) (__fpcmp_parts_f)
c:/winavr-20100110/bin/../lib/gcc/avr/4.3.3/../../../../avr/lib/avr5\libc.a(itoa.o)
                              ./src/hal/actuators/lcd.o (itoa)
c:/winavr-20100110/bin/../lib/gcc/avr/4.3.3/../../../../avr/lib/avr5\libc.a(strrev.o)
                              c:/winavr-20100110/bin/../lib/gcc/avr/4.3.3/../../../../avr/lib/avr5\libc.a(itoa.o) (strrev)
c:/winavr-20100110/bin/../lib/gcc/avr/4.3.3/avr5\libgcc.a(_udivmodhi4.o)
                              c:/winavr-20100110/bin/../lib/gcc/avr/4.3.3/../../../../avr/lib/avr5\libc.a(itoa.o) (__udivmodhi4)

Allocating common symbols
Common symbol       size              file

g_enteredPin        0x4               ./src/app/subsystems/smart_door_lock_system/smart_door_lock_system.o

Memory Configuration

Name             Origin             Length             Attributes
text             0x00000000         0x00020000         xr
data             0x00800060         0x0000ffa0         rw !x
eeprom           0x00810000         0x00010000         rw !x
fuse             0x00820000         0x00000400         rw !x
lock             0x00830000         0x00000400         rw !x
signature        0x00840000         0x00000400         rw !x
*default*        0x00000000         0xffffffff

Linker script and memory map

LOAD c:/winavr-20100110/bin/../lib/gcc/avr/4.3.3/../../../../avr/lib/avr5/crtm32.o
LOAD ./src/mcal/atmega32_eeprom.o
LOAD ./src/mcal/atmega32_gpio.o
LOAD ./src/mcal/atmega32_interrupt.o
LOAD ./src/mcal/atmega32_timer0.o
LOAD ./src/mcal/atmega32_timer2.o
LOAD ./src/mcal/atmega32_uart.o
LOAD ./src/hal/sensors/flame_sensor.o
LOAD ./src/hal/sensors/mq9_sensor.o
LOAD ./src/hal/sensors/pir_sensor.o
LOAD ./src/hal/sensors/water_sensor.o
LOAD ./src/hal/actuators/buzzer.o
LOAD ./src/hal/actuators/dc_motor.o
LOAD ./src/hal/actuators/keypad.o
LOAD ./src/hal/actuators/lcd.o
LOAD ./src/hal/actuators/led.o
LOAD ./src/hal/actuators/solenoid_lock.o
LOAD ./src/app/subsystems/water_flood_system/water_flood_system.o
LOAD ./src/app/subsystems/smart_door_lock_system/smart_door_lock_system.o
LOAD ./src/app/subsystems/motion_detection_system/motion_detection_system.o
LOAD ./src/app/subsystems/gas_system/gas_system.o
LOAD ./src/app/subsystems/fire_system/fire_system.o
LOAD ./src/app/subsystems/alarm_system/alarm_system.o
LOAD ./src/app/communication.o
LOAD ./src/app/main.o
LOAD c:/winavr-20100110/bin/../lib/gcc/avr/4.3.3/avr5\libgcc.a
LOAD c:/winavr-20100110/bin/../lib/gcc/avr/4.3.3/../../../../avr/lib/avr5\libc.a
LOAD c:/winavr-20100110/bin/../lib/gcc/avr/4.3.3/avr5\libgcc.a

.hash
 *(.hash)

.dynsym
 *(.dynsym)

.dynstr
 *(.dynstr)

.gnu.version
 *(.gnu.version)

.gnu.version_d
 *(.gnu.version_d)

.gnu.version_r
 *(.gnu.version_r)

.rel.init
 *(.rel.init)

.rela.init
 *(.rela.init)

.rel.text
 *(.rel.text)
 *(.rel.text.*)
 *(.rel.gnu.linkonce.t*)

.rela.text
 *(.rela.text)
 *(.rela.text.*)
 *(.rela.gnu.linkonce.t*)

.rel.fini
 *(.rel.fini)

.rela.fini
 *(.rela.fini)

.rel.rodata
 *(.rel.rodata)
 *(.rel.rodata.*)
 *(.rel.gnu.linkonce.r*)

.rela.rodata
 *(.rela.rodata)
 *(.rela.rodata.*)
 *(.rela.gnu.linkonce.r*)

.rel.data
 *(.rel.data)
 *(.rel.data.*)
 *(.rel.gnu.linkonce.d*)

.rela.data
 *(.rela.data)
 *(.rela.data.*)
 *(.rela.gnu.linkonce.d*)

.rel.ctors
 *(.rel.ctors)

.rela.ctors
 *(.rela.ctors)

.rel.dtors
 *(.rel.dtors)

.rela.dtors
 *(.rela.dtors)

.rel.got
 *(.rel.got)

.rela.got
 *(.rela.got)

.rel.bss
 *(.rel.bss)

.rela.bss
 *(.rela.bss)

.rel.plt
 *(.rel.plt)

.rela.plt
 *(.rela.plt)

.text           0x00000000     0x41fa
 *(.vectors)
 .vectors       0x00000000       0x54 c:/winavr-20100110/bin/../lib/gcc/avr/4.3.3/../../../../avr/lib/avr5/crtm32.o
                0x00000000                __vectors
                0x00000000                __vector_default
 *(.vectors)
 *(.progmem.gcc*)
 *(.progmem*)
                0x00000054                . = ALIGN (0x2)
                0x00000054                __trampolines_start = .
 *(.trampolines)
 .trampolines   0x00000054        0x0 linker stubs
 *(.trampolines*)
                0x00000054                __trampolines_end = .
 *(.jumptables)
 *(.jumptables*)
 *(.lowtext)
 *(.lowtext*)
                0x00000054                __ctors_start = .
 *(.ctors)
                0x00000054                __ctors_end = .
                0x00000054                __dtors_start = .
 *(.dtors)
                0x00000054                __dtors_end = .
 SORT(*)(.ctors)
 SORT(*)(.dtors)
 *(.init0)
 .init0         0x00000054        0x0 c:/winavr-20100110/bin/../lib/gcc/avr/4.3.3/../../../../avr/lib/avr5/crtm32.o
                0x00000054                __init
 *(.init0)
 *(.init1)
 *(.init1)
 *(.init2)
 .init2         0x00000054        0xc c:/winavr-20100110/bin/../lib/gcc/avr/4.3.3/../../../../avr/lib/avr5/crtm32.o
 *(.init2)
 *(.init3)
 *(.init3)
 *(.init4)
 .init4         0x00000060       0x16 c:/winavr-20100110/bin/../lib/gcc/avr/4.3.3/avr5\libgcc.a(_copy_data.o)
                0x00000060                __do_copy_data
 .init4         0x00000076       0x10 c:/winavr-20100110/bin/../lib/gcc/avr/4.3.3/avr5\libgcc.a(_clear_bss.o)
                0x00000076                __do_clear_bss
 *(.init4)
 *(.init5)
 *(.init5)
 *(.init6)
 *(.init6)
 *(.init7)
 *(.init7)
 *(.init8)
 *(.init8)
 *(.init9)
 .init9         0x00000086        0x8 c:/winavr-20100110/bin/../lib/gcc/avr/4.3.3/../../../../avr/lib/avr5/crtm32.o
 *(.init9)
 *(.text)
 .text          0x0000008e        0x4 c:/winavr-20100110/bin/../lib/gcc/avr/4.3.3/../../../../avr/lib/avr5/crtm32.o
                0x0000008e                __vector_12
                0x0000008e                __bad_interrupt
                0x0000008e                __vector_6
                0x0000008e                __vector_17
                0x0000008e                __vector_19
                0x0000008e                __vector_7
                0x0000008e                __vector_4
                0x0000008e                __vector_9
                0x0000008e                __vector_8
                0x0000008e                __vector_10
                0x0000008e                __vector_16
                0x0000008e                __vector_18
                0x0000008e                __vector_20
 .text          0x00000092        0x0 ./src/mcal/atmega32_eeprom.o
 .text          0x00000092        0x0 ./src/mcal/atmega32_gpio.o
 .text          0x00000092        0x0 ./src/mcal/atmega32_interrupt.o
 .text          0x00000092        0x0 ./src/mcal/atmega32_timer0.o
 .text          0x00000092        0x0 ./src/mcal/atmega32_timer2.o
 .text          0x00000092        0x0 ./src/mcal/atmega32_uart.o
 .text          0x00000092        0x0 ./src/hal/sensors/flame_sensor.o
 .text          0x00000092        0x0 ./src/hal/sensors/mq9_sensor.o
 .text          0x00000092        0x0 ./src/hal/sensors/pir_sensor.o
 .text          0x00000092        0x0 ./src/hal/sensors/water_sensor.o
 .text          0x00000092        0x0 ./src/hal/actuators/buzzer.o
 .text          0x00000092        0x0 ./src/hal/actuators/dc_motor.o
 .text          0x00000092        0x0 ./src/hal/actuators/keypad.o
 .text          0x00000092        0x0 ./src/hal/actuators/lcd.o
 .text          0x00000092        0x0 ./src/hal/actuators/led.o
 .text          0x00000092        0x0 ./src/hal/actuators/solenoid_lock.o
 .text          0x00000092        0x0 ./src/app/subsystems/water_flood_system/water_flood_system.o
 .text          0x00000092        0x0 ./src/app/subsystems/smart_door_lock_system/smart_door_lock_system.o
 .text          0x00000092        0x0 ./src/app/subsystems/motion_detection_system/motion_detection_system.o
 .text          0x00000092        0x0 ./src/app/subsystems/gas_system/gas_system.o
 .text          0x00000092        0x0 ./src/app/subsystems/fire_system/fire_system.o
 .text          0x00000092        0x0 ./src/app/subsystems/alarm_system/alarm_system.o
 .text          0x00000092        0x0 ./src/app/communication.o
 .text          0x00000092        0x0 ./src/app/main.o
 .text          0x00000092        0x0 c:/winavr-20100110/bin/../lib/gcc/avr/4.3.3/avr5\libgcc.a(_udivmodsi4.o)
 .text          0x00000092        0x0 c:/winavr-20100110/bin/../lib/gcc/avr/4.3.3/avr5\libgcc.a(_exit.o)
 .text          0x00000092        0x0 c:/winavr-20100110/bin/../lib/gcc/avr/4.3.3/avr5\libgcc.a(_copy_data.o)
 .text          0x00000092        0x0 c:/winavr-20100110/bin/../lib/gcc/avr/4.3.3/avr5\libgcc.a(_clear_bss.o)
 .text          0x00000092       0x58 c:/winavr-20100110/bin/../lib/gcc/avr/4.3.3/avr5\libgcc.a(_fixunssfsi.o)
                0x00000092                __fixunssfsi
 .text          0x000000ea      0x354 c:/winavr-20100110/bin/../lib/gcc/avr/4.3.3/avr5\libgcc.a(_addsub_sf.o)
                0x00000382                __subsf3
                0x000003e4                __addsf3
 .text          0x0000043e      0x1f4 c:/winavr-20100110/bin/../lib/gcc/avr/4.3.3/avr5\libgcc.a(_mul_sf.o)
                0x0000043e                __mulsf3
 .text          0x00000632       0x60 c:/winavr-20100110/bin/../lib/gcc/avr/4.3.3/avr5\libgcc.a(_gt_sf.o)
                0x00000632                __gtsf2
 .text          0x00000692       0x60 c:/winavr-20100110/bin/../lib/gcc/avr/4.3.3/avr5\libgcc.a(_ge_sf.o)
                0x00000692                __gesf2
 .text          0x000006f2       0x60 c:/winavr-20100110/bin/../lib/gcc/avr/4.3.3/avr5\libgcc.a(_lt_sf.o)
                0x000006f2                __ltsf2
 .text          0x00000752       0xa8 c:/winavr-20100110/bin/../lib/gcc/avr/4.3.3/avr5\libgcc.a(_sf_to_si.o)
                0x00000752                __fixsfsi
 .text          0x000007fa        0x0 c:/winavr-20100110/bin/../lib/gcc/avr/4.3.3/avr5\libgcc.a(_thenan_sf.o)
 .text          0x000007fa        0x0 c:/winavr-20100110/bin/../lib/gcc/avr/4.3.3/avr5\libgcc.a(_prologue.o)
 .text          0x000007fa        0x0 c:/winavr-20100110/bin/../lib/gcc/avr/4.3.3/avr5\libgcc.a(_epilogue.o)
 .text          0x000007fa      0x1aa c:/winavr-20100110/bin/../lib/gcc/avr/4.3.3/avr5\libgcc.a(_pack_sf.o)
                0x000007fa                __pack_f
 .text          0x000009a4       0xf0 c:/winavr-20100110/bin/../lib/gcc/avr/4.3.3/avr5\libgcc.a(_unpack_sf.o)
                0x000009a4                __unpack_f
 .text          0x00000a94       0xb2 c:/winavr-20100110/bin/../lib/gcc/avr/4.3.3/avr5\libgcc.a(_fpcmp_parts_sf.o)
                0x00000a94                __fpcmp_parts_f
 .text          0x00000b46        0x0 c:/winavr-20100110/bin/../lib/gcc/avr/4.3.3/../../../../avr/lib/avr5\libc.a(itoa.o)
 .text          0x00000b46        0x0 c:/winavr-20100110/bin/../lib/gcc/avr/4.3.3/../../../../avr/lib/avr5\libc.a(strrev.o)
 .text          0x00000b46        0x0 c:/winavr-20100110/bin/../lib/gcc/avr/4.3.3/avr5\libgcc.a(_udivmodhi4.o)
                0x00000b46                . = ALIGN (0x2)
 *(.text.*)
 .text.EEPROM_write
                0x00000b46       0x60 ./src/mcal/atmega32_eeprom.o
                0x00000b46                EEPROM_write
 .text.EEPROM_read
                0x00000ba6       0x4a ./src/mcal/atmega32_eeprom.o
                0x00000ba6                EEPROM_read
 .text.GPIO_setupPinDirection
                0x00000bf0      0x1d6 ./src/mcal/atmega32_gpio.o
                0x00000bf0                GPIO_setupPinDirection
 .text.GPIO_writePin
                0x00000dc6      0x1f4 ./src/mcal/atmega32_gpio.o
                0x00000dc6                GPIO_writePin
 .text.GPIO_readPin
                0x00000fba      0x150 ./src/mcal/atmega32_gpio.o
                0x00000fba                GPIO_readPin
 .text.GPIO_setupPortDirection
                0x0000110a       0x88 ./src/mcal/atmega32_gpio.o
                0x0000110a                GPIO_setupPortDirection
 .text.GPIO_writePort
                0x00001192       0x88 ./src/mcal/atmega32_gpio.o
                0x00001192                GPIO_writePort
 .text.GPIO_readPort
                0x0000121a       0x8c ./src/mcal/atmega32_gpio.o
                0x0000121a                GPIO_readPort
 .text.__vector_1
                0x000012a6       0x66 ./src/mcal/atmega32_interrupt.o
                0x000012a6                __vector_1
 .text.__vector_2
                0x0000130c       0x66 ./src/mcal/atmega32_interrupt.o
                0x0000130c                __vector_2
 .text.__vector_3
                0x00001372       0x66 ./src/mcal/atmega32_interrupt.o
                0x00001372                __vector_3
 .text.INTERRUPT_enable
                0x000013d8       0x1c ./src/mcal/atmega32_interrupt.o
                0x000013d8                INTERRUPT_enable
 .text.INTERRUPT_INT0_init
                0x000013f4       0x60 ./src/mcal/atmega32_interrupt.o
                0x000013f4                INTERRUPT_INT0_init
 .text.INTERRUPT_INT1_init
                0x00001454       0x6e ./src/mcal/atmega32_interrupt.o
                0x00001454                INTERRUPT_INT1_init
 .text.INTERRUPT_INT2_init
                0x000014c2       0x72 ./src/mcal/atmega32_interrupt.o
                0x000014c2                INTERRUPT_INT2_init
 .text.INTERRUPT_disable
                0x00001534       0x1c ./src/mcal/atmega32_interrupt.o
                0x00001534                INTERRUPT_disable
 .text.__vector_11
                0x00001550       0x66 ./src/mcal/atmega32_timer0.o
                0x00001550                __vector_11
 .text.TIMER0_init
                0x000015b6       0x34 ./src/mcal/atmega32_timer0.o
                0x000015b6                TIMER0_init
 .text.TIMER0_on
                0x000015ea       0x2e ./src/mcal/atmega32_timer0.o
                0x000015ea                TIMER0_on
 .text.TIMER0_off
                0x00001618       0x1c ./src/mcal/atmega32_timer0.o
                0x00001618                TIMER0_off
 .text.TIMER0_read
                0x00001634       0x14 ./src/mcal/atmega32_timer0.o
                0x00001634                TIMER0_read
 .text.TIMER0_write
                0x00001648       0x1c ./src/mcal/atmega32_timer0.o
                0x00001648                TIMER0_write
 .text.TIMER0_interruptEnable
                0x00001664       0x1c ./src/mcal/atmega32_timer0.o
                0x00001664                TIMER0_interruptEnable
 .text.TIMER0_setCallback
                0x00001680       0x24 ./src/mcal/atmega32_timer0.o
                0x00001680                TIMER0_setCallback
 .text.TIMER0_interruptDisable
                0x000016a4       0x1c ./src/mcal/atmega32_timer0.o
                0x000016a4                TIMER0_interruptDisable
 .text.__vector_5
                0x000016c0       0x66 ./src/mcal/atmega32_timer2.o
                0x000016c0                __vector_5
 .text.TIMER2_init
                0x00001726       0x34 ./src/mcal/atmega32_timer2.o
                0x00001726                TIMER2_init
 .text.TIMER2_on
                0x0000175a       0x2e ./src/mcal/atmega32_timer2.o
                0x0000175a                TIMER2_on
 .text.TIMER2_off
                0x00001788       0x1c ./src/mcal/atmega32_timer2.o
                0x00001788                TIMER2_off
 .text.TIMER2_read
                0x000017a4       0x14 ./src/mcal/atmega32_timer2.o
                0x000017a4                TIMER2_read
 .text.TIMER2_write
                0x000017b8       0x1c ./src/mcal/atmega32_timer2.o
                0x000017b8                TIMER2_write
 .text.TIMER2_interruptEnable
                0x000017d4       0x1c ./src/mcal/atmega32_timer2.o
                0x000017d4                TIMER2_interruptEnable
 .text.TIMER2_setCallback
                0x000017f0       0x24 ./src/mcal/atmega32_timer2.o
                0x000017f0                TIMER2_setCallback
 .text.TIMER2_interruptDisable
                0x00001814       0x1c ./src/mcal/atmega32_timer2.o
                0x00001814                TIMER2_interruptDisable
 .text.__vector_14
                0x00001830       0x66 ./src/mcal/atmega32_uart.o
                0x00001830                __vector_14
 .text.__vector_15
                0x00001896       0x66 ./src/mcal/atmega32_uart.o
                0x00001896                __vector_15
 .text.__vector_13
                0x000018fc       0x66 ./src/mcal/atmega32_uart.o
                0x000018fc                __vector_13
 .text.UART_init
                0x00001962      0x102 ./src/mcal/atmega32_uart.o
                0x00001962                UART_init
 .text.UART_sendByte
                0x00001a64       0x2e ./src/mcal/atmega32_uart.o
                0x00001a64                UART_sendByte
 .text.UART_receiveByte
                0x00001a92       0x1e ./src/mcal/atmega32_uart.o
                0x00001a92                UART_receiveByte
 .text.UART_sendString
                0x00001ab0       0x52 ./src/mcal/atmega32_uart.o
                0x00001ab0                UART_sendString
 .text.UART_receiveString
                0x00001b02       0x86 ./src/mcal/atmega32_uart.o
                0x00001b02                UART_receiveString
 .text.UART_sendData
                0x00001b88       0x80 ./src/mcal/atmega32_uart.o
                0x00001b88                UART_sendData
 .text.UART_receiveData
                0x00001c08       0x8a ./src/mcal/atmega32_uart.o
                0x00001c08                UART_receiveData
 .text.UART_interruptEnable
                0x00001c92       0x48 ./src/mcal/atmega32_uart.o
                0x00001c92                UART_interruptEnable
 .text.UART_setCallBackUDR
                0x00001cda       0x24 ./src/mcal/atmega32_uart.o
                0x00001cda                UART_setCallBackUDR
 .text.UART_setCallBackTX
                0x00001cfe       0x24 ./src/mcal/atmega32_uart.o
                0x00001cfe                UART_setCallBackTX
 .text.UART_setCallBackRX
                0x00001d22       0x24 ./src/mcal/atmega32_uart.o
                0x00001d22                UART_setCallBackRX
 .text.FLAME_init
                0x00001d46       0x18 ./src/hal/sensors/flame_sensor.o
                0x00001d46                FLAME_init
 .text.FLAME_read
                0x00001d5e       0x16 ./src/hal/sensors/flame_sensor.o
                0x00001d5e                FLAME_read
 .text.MQ9_init
                0x00001d74       0x18 ./src/hal/sensors/mq9_sensor.o
                0x00001d74                MQ9_init
 .text.MQ9_read
                0x00001d8c       0x16 ./src/hal/sensors/mq9_sensor.o
                0x00001d8c                MQ9_read
 .text.PIR_init
                0x00001da2       0x18 ./src/hal/sensors/pir_sensor.o
                0x00001da2                PIR_init
 .text.PIR_read
                0x00001dba       0x16 ./src/hal/sensors/pir_sensor.o
                0x00001dba                PIR_read
 .text.WATER_init
                0x00001dd0       0x18 ./src/hal/sensors/water_sensor.o
                0x00001dd0                WATER_init
 .text.WATER_read
                0x00001de8       0x16 ./src/hal/sensors/water_sensor.o
                0x00001de8                WATER_read
 .text.BUZZER_init
                0x00001dfe       0x2c ./src/hal/actuators/buzzer.o
                0x00001dfe                BUZZER_init
 .text.BUZZER_on
                0x00001e2a       0x2c ./src/hal/actuators/buzzer.o
                0x00001e2a                BUZZER_on
 .text.BUZZER_off
                0x00001e56       0x2c ./src/hal/actuators/buzzer.o
                0x00001e56                BUZZER_off
 .text.DCMOTOR_init
                0x00001e82       0x2c ./src/hal/actuators/dc_motor.o
                0x00001e82                DCMOTOR_init
 .text.DCMOTOR_on
                0x00001eae       0x2c ./src/hal/actuators/dc_motor.o
                0x00001eae                DCMOTOR_on
 .text.DCMOTOR_off
                0x00001eda       0x2c ./src/hal/actuators/dc_motor.o
                0x00001eda                DCMOTOR_off
 .text.KEYPAD_init
                0x00001f06       0x54 ./src/hal/actuators/keypad.o
                0x00001f06                KEYPAD_init
 .text.KEYPAD_getPressedKey
                0x00001f5a      0x178 ./src/hal/actuators/keypad.o
                0x00001f5a                KEYPAD_getPressedKey
 .text.KEYPAD_4x3_adjustKeyNumber
                0x000020d2       0x68 ./src/hal/actuators/keypad.o
 .text.LCD_init
                0x0000213a      0x164 ./src/hal/actuators/lcd.o
                0x0000213a                LCD_init
 .text.LCD_sendCommand
                0x0000229e      0x8f6 ./src/hal/actuators/lcd.o
                0x0000229e                LCD_sendCommand
 .text.LCD_displayCharacter
                0x00002b94      0x8f6 ./src/hal/actuators/lcd.o
                0x00002b94                LCD_displayCharacter
 .text.LCD_displayString
                0x0000348a       0x52 ./src/hal/actuators/lcd.o
                0x0000348a                LCD_displayString
 .text.LCD_moveCursor
                0x000034dc       0x84 ./src/hal/actuators/lcd.o
                0x000034dc                LCD_moveCursor
 .text.LCD_displayStringRowColumn
                0x00003560       0x32 ./src/hal/actuators/lcd.o
                0x00003560                LCD_displayStringRowColumn
 .text.LCD_intgerToString
                0x00003592       0x46 ./src/hal/actuators/lcd.o
                0x00003592                LCD_intgerToString
 .text.LCD_clearScreen
                0x000035d8       0x14 ./src/hal/actuators/lcd.o
                0x000035d8                LCD_clearScreen
 .text.LED_init
                0x000035ec       0x2c ./src/hal/actuators/led.o
                0x000035ec                LED_init
 .text.LED_on   0x00003618       0x2c ./src/hal/actuators/led.o
                0x00003618                LED_on
 .text.LED_off  0x00003644       0x2c ./src/hal/actuators/led.o
                0x00003644                LED_off
 .text.SOLENOID_init
                0x00003670       0x2c ./src/hal/actuators/solenoid_lock.o
                0x00003670                SOLENOID_init
 .text.SOLENOID_on
                0x0000369c       0x2c ./src/hal/actuators/solenoid_lock.o
                0x0000369c                SOLENOID_on
 .text.SOLENOID_off
                0x000036c8       0x2c ./src/hal/actuators/solenoid_lock.o
                0x000036c8                SOLENOID_off
 .text.SOLENOID_read
                0x000036f4       0x2a ./src/hal/actuators/solenoid_lock.o
                0x000036f4                SOLENOID_read
 .text.floodHandler
                0x0000371e       0x50 ./src/app/subsystems/water_flood_system/water_flood_system.o
                0x0000371e                floodHandler
 .text.WATER_FLOOD_SYSTEM_Init
                0x0000376e       0x24 ./src/app/subsystems/water_flood_system/water_flood_system.o
                0x0000376e                WATER_FLOOD_SYSTEM_Init
 .text.lockDoor
                0x00003792       0x16 ./src/app/subsystems/smart_door_lock_system/smart_door_lock_system.o
                0x00003792                lockDoor
 .text.unlockDoor
                0x000037a8       0x16 ./src/app/subsystems/smart_door_lock_system/smart_door_lock_system.o
                0x000037a8                unlockDoor
 .text.setLcdDelay
                0x000037be       0x24 ./src/app/subsystems/smart_door_lock_system/smart_door_lock_system.o
 .text.setMode  0x000037e2      0x17a ./src/app/subsystems/smart_door_lock_system/smart_door_lock_system.o
                0x000037e2                setMode
 .text.lcdDelayHandler
                0x0000395c       0x6e ./src/app/subsystems/smart_door_lock_system/smart_door_lock_system.o
 .text.setPin   0x000039ca       0x74 ./src/app/subsystems/smart_door_lock_system/smart_door_lock_system.o
 .text.getPin   0x00003a3e       0x5c ./src/app/subsystems/smart_door_lock_system/smart_door_lock_system.o
 .text.checkPin
                0x00003a9a       0x94 ./src/app/subsystems/smart_door_lock_system/smart_door_lock_system.o
 .text.inputKey
                0x00003b2e      0x1b4 ./src/app/subsystems/smart_door_lock_system/smart_door_lock_system.o
 .text.SMART_DOOR_LOCK_SYSTEM_Init
                0x00003ce2       0x44 ./src/app/subsystems/smart_door_lock_system/smart_door_lock_system.o
                0x00003ce2                SMART_DOOR_LOCK_SYSTEM_Init
 .text.SMART_DOOR_LOCK_SYSTEM_Listener
                0x00003d26       0x2c ./src/app/subsystems/smart_door_lock_system/smart_door_lock_system.o
                0x00003d26                SMART_DOOR_LOCK_SYSTEM_Listener
 .text.motionHandler
                0x00003d52       0x38 ./src/app/subsystems/motion_detection_system/motion_detection_system.o
 .text.MOTION_DETECTION_SYSTEM_Init
                0x00003d8a       0x12 ./src/app/subsystems/motion_detection_system/motion_detection_system.o
                0x00003d8a                MOTION_DETECTION_SYSTEM_Init
 .text.MOTION_DETECTION_SYSTEM_Listener
                0x00003d9c       0x12 ./src/app/subsystems/motion_detection_system/motion_detection_system.o
                0x00003d9c                MOTION_DETECTION_SYSTEM_Listener
 .text.gasHandler
                0x00003dae       0x62 ./src/app/subsystems/gas_system/gas_system.o
                0x00003dae                gasHandler
 .text.GAS_SYSTEM_Init
                0x00003e10       0x24 ./src/app/subsystems/gas_system/gas_system.o
                0x00003e10                GAS_SYSTEM_Init
 .text.fireHandler
                0x00003e34       0x4c ./src/app/subsystems/fire_system/fire_system.o
 .text.FIRE_SYSTEM_Init
                0x00003e80       0x24 ./src/app/subsystems/fire_system/fire_system.o
                0x00003e80                FIRE_SYSTEM_Init
 .text.alarmHandler
                0x00003ea4       0x4e ./src/app/subsystems/alarm_system/alarm_system.o
 .text.alarmOn  0x00003ef2       0x12 ./src/app/subsystems/alarm_system/alarm_system.o
 .text.alarmOff
                0x00003f04       0x26 ./src/app/subsystems/alarm_system/alarm_system.o
 .text.ALARM_SYSTEM_Init
                0x00003f2a       0x30 ./src/app/subsystems/alarm_system/alarm_system.o
                0x00003f2a                ALARM_SYSTEM_Init
 .text.ALARM_SYSTEM_Listener
                0x00003f5a       0x20 ./src/app/subsystems/alarm_system/alarm_system.o
                0x00003f5a                ALARM_SYSTEM_Listener
 .text.Comm_HandleSend
                0x00003f7a       0x1a ./src/app/communication.o
                0x00003f7a                Comm_HandleSend
 .text.Comm_HandleReceive
                0x00003f94       0x4e ./src/app/communication.o
 .text.RXHandler
                0x00003fe2       0x1e ./src/app/communication.o
 .text.Comm_Init
                0x00004000       0x7c ./src/app/communication.o
                0x00004000                Comm_Init
 .text.main     0x0000407c       0x3e ./src/app/main.o
                0x0000407c                main
 .text.libgcc   0x000040ba       0x44 c:/winavr-20100110/bin/../lib/gcc/avr/4.3.3/avr5\libgcc.a(_udivmodsi4.o)
                0x000040ba                __udivmodsi4
 .text.libgcc   0x000040fe        0x0 c:/winavr-20100110/bin/../lib/gcc/avr/4.3.3/avr5\libgcc.a(_exit.o)
 .text.libgcc   0x000040fe        0x0 c:/winavr-20100110/bin/../lib/gcc/avr/4.3.3/avr5\libgcc.a(_copy_data.o)
 .text.libgcc   0x000040fe        0x0 c:/winavr-20100110/bin/../lib/gcc/avr/4.3.3/avr5\libgcc.a(_clear_bss.o)
 .text.libgcc   0x000040fe       0x38 c:/winavr-20100110/bin/../lib/gcc/avr/4.3.3/avr5\libgcc.a(_prologue.o)
                0x000040fe                __prologue_saves__
 .text.libgcc   0x00004136       0x36 c:/winavr-20100110/bin/../lib/gcc/avr/4.3.3/avr5\libgcc.a(_epilogue.o)
                0x00004136                __epilogue_restores__
 .text.avr-libc
                0x0000416c       0x42 c:/winavr-20100110/bin/../lib/gcc/avr/4.3.3/../../../../avr/lib/avr5\libc.a(itoa.o)
                0x0000416c                itoa
 .text.avr-libc
                0x000041ae       0x20 c:/winavr-20100110/bin/../lib/gcc/avr/4.3.3/../../../../avr/lib/avr5\libc.a(strrev.o)
                0x000041ae                strrev
 .text.libgcc   0x000041ce       0x28 c:/winavr-20100110/bin/../lib/gcc/avr/4.3.3/avr5\libgcc.a(_udivmodhi4.o)
                0x000041ce                __udivmodhi4
                0x000041f6                . = ALIGN (0x2)
 *(.fini9)
 .fini9         0x000041f6        0x0 c:/winavr-20100110/bin/../lib/gcc/avr/4.3.3/avr5\libgcc.a(_exit.o)
                0x000041f6                exit
                0x000041f6                _exit
 *(.fini9)
 *(.fini8)
 *(.fini8)
 *(.fini7)
 *(.fini7)
 *(.fini6)
 *(.fini6)
 *(.fini5)
 *(.fini5)
 *(.fini4)
 *(.fini4)
 *(.fini3)
 *(.fini3)
 *(.fini2)
 *(.fini2)
 *(.fini1)
 *(.fini1)
 *(.fini0)
 .fini0         0x000041f6        0x4 c:/winavr-20100110/bin/../lib/gcc/avr/4.3.3/avr5\libgcc.a(_exit.o)
 *(.fini0)
                0x000041fa                _etext = .

.data           0x00800060       0xa8 load address 0x000041fa
                0x00800060                PROVIDE (__data_start, .)
 *(.data)
 .data          0x00800060        0x0 c:/winavr-20100110/bin/../lib/gcc/avr/4.3.3/../../../../avr/lib/avr5/crtm32.o
 .data          0x00800060        0x0 ./src/mcal/atmega32_eeprom.o
 .data          0x00800060        0x0 ./src/mcal/atmega32_gpio.o
 .data          0x00800060        0x0 ./src/mcal/atmega32_interrupt.o
 .data          0x00800060        0x0 ./src/mcal/atmega32_timer0.o
 .data          0x00800060        0x0 ./src/mcal/atmega32_timer2.o
 .data          0x00800060        0x0 ./src/mcal/atmega32_uart.o
 .data          0x00800060        0x0 ./src/hal/sensors/flame_sensor.o
 .data          0x00800060        0x0 ./src/hal/sensors/mq9_sensor.o
 .data          0x00800060        0x0 ./src/hal/sensors/pir_sensor.o
 .data          0x00800060        0x0 ./src/hal/sensors/water_sensor.o
 .data          0x00800060        0x0 ./src/hal/actuators/buzzer.o
 .data          0x00800060        0x0 ./src/hal/actuators/dc_motor.o
 .data          0x00800060        0x0 ./src/hal/actuators/keypad.o
 .data          0x00800060        0x0 ./src/hal/actuators/lcd.o
 .data          0x00800060        0x0 ./src/hal/actuators/led.o
 .data          0x00800060        0x0 ./src/hal/actuators/solenoid_lock.o
 .data          0x00800060        0x0 ./src/app/subsystems/water_flood_system/water_flood_system.o
 .data          0x00800060       0x89 ./src/app/subsystems/smart_door_lock_system/smart_door_lock_system.o
 .data          0x008000e9        0x0 ./src/app/subsystems/motion_detection_system/motion_detection_system.o
 .data          0x008000e9        0x0 ./src/app/subsystems/gas_system/gas_system.o
 .data          0x008000e9        0x0 ./src/app/subsystems/fire_system/fire_system.o
 .data          0x008000e9        0x0 ./src/app/subsystems/alarm_system/alarm_system.o
 .data          0x008000e9        0x0 ./src/app/communication.o
 .data          0x008000e9        0x0 ./src/app/main.o
 .data          0x008000e9        0x0 c:/winavr-20100110/bin/../lib/gcc/avr/4.3.3/avr5\libgcc.a(_udivmodsi4.o)
 .data          0x008000e9        0x0 c:/winavr-20100110/bin/../lib/gcc/avr/4.3.3/avr5\libgcc.a(_exit.o)
 .data          0x008000e9        0x0 c:/winavr-20100110/bin/../lib/gcc/avr/4.3.3/avr5\libgcc.a(_copy_data.o)
 .data          0x008000e9        0x0 c:/winavr-20100110/bin/../lib/gcc/avr/4.3.3/avr5\libgcc.a(_clear_bss.o)
 .data          0x008000e9        0x0 c:/winavr-20100110/bin/../lib/gcc/avr/4.3.3/avr5\libgcc.a(_fixunssfsi.o)
 .data          0x008000e9        0x0 c:/winavr-20100110/bin/../lib/gcc/avr/4.3.3/avr5\libgcc.a(_addsub_sf.o)
 .data          0x008000e9        0x0 c:/winavr-20100110/bin/../lib/gcc/avr/4.3.3/avr5\libgcc.a(_mul_sf.o)
 .data          0x008000e9        0x0 c:/winavr-20100110/bin/../lib/gcc/avr/4.3.3/avr5\libgcc.a(_gt_sf.o)
 .data          0x008000e9        0x0 c:/winavr-20100110/bin/../lib/gcc/avr/4.3.3/avr5\libgcc.a(_ge_sf.o)
 .data          0x008000e9        0x0 c:/winavr-20100110/bin/../lib/gcc/avr/4.3.3/avr5\libgcc.a(_lt_sf.o)
 .data          0x008000e9        0x0 c:/winavr-20100110/bin/../lib/gcc/avr/4.3.3/avr5\libgcc.a(_sf_to_si.o)
 .data          0x008000e9        0x8 c:/winavr-20100110/bin/../lib/gcc/avr/4.3.3/avr5\libgcc.a(_thenan_sf.o)
                0x008000e9                __thenan_sf
 .data          0x008000f1        0x0 c:/winavr-20100110/bin/../lib/gcc/avr/4.3.3/avr5\libgcc.a(_prologue.o)
 .data          0x008000f1        0x0 c:/winavr-20100110/bin/../lib/gcc/avr/4.3.3/avr5\libgcc.a(_epilogue.o)
 .data          0x008000f1        0x0 c:/winavr-20100110/bin/../lib/gcc/avr/4.3.3/avr5\libgcc.a(_pack_sf.o)
 .data          0x008000f1        0x0 c:/winavr-20100110/bin/../lib/gcc/avr/4.3.3/avr5\libgcc.a(_unpack_sf.o)
 .data          0x008000f1        0x0 c:/winavr-20100110/bin/../lib/gcc/avr/4.3.3/avr5\libgcc.a(_fpcmp_parts_sf.o)
 .data          0x008000f1        0x0 c:/winavr-20100110/bin/../lib/gcc/avr/4.3.3/../../../../avr/lib/avr5\libc.a(itoa.o)
 .data          0x008000f1        0x0 c:/winavr-20100110/bin/../lib/gcc/avr/4.3.3/../../../../avr/lib/avr5\libc.a(strrev.o)
 .data          0x008000f1        0x0 c:/winavr-20100110/bin/../lib/gcc/avr/4.3.3/avr5\libgcc.a(_udivmodhi4.o)
 *(.data*)
 .data.g_waterPump2
                0x008000f1        0x2 ./src/app/subsystems/water_flood_system/water_flood_system.o
                0x008000f1                g_waterPump2
 .data.g_lock   0x008000f3        0x2 ./src/app/subsystems/smart_door_lock_system/smart_door_lock_system.o
                0x008000f3                g_lock
 .data.g_isdoorLocked
                0x008000f5        0x1 ./src/app/subsystems/smart_door_lock_system/smart_door_lock_system.o
                0x008000f5                g_isdoorLocked
 .data.g_fan    0x008000f6        0x2 ./src/app/subsystems/gas_system/gas_system.o
                0x008000f6                g_fan
 .data.g_waterPump1
                0x008000f8        0x2 ./src/app/subsystems/fire_system/fire_system.o
                0x008000f8                g_waterPump1
 .data.g_alarmBuzzer
                0x008000fa        0x2 ./src/app/subsystems/alarm_system/alarm_system.o
                0x008000fa                g_alarmBuzzer
 .data.g_alarmLED
                0x008000fc        0x2 ./src/app/subsystems/alarm_system/alarm_system.o
                0x008000fc                g_alarmLED
 .data.g_testLED
                0x008000fe        0x2 ./src/app/main.o
                0x008000fe                g_testLED
 *(.rodata)
 *(.rodata*)
 .rodata.C.5.1289
                0x00800100        0x7 ./src/app/communication.o
 *(.gnu.linkonce.d*)
                0x00800108                . = ALIGN (0x2)
 *fill*         0x00800107        0x1 00
                0x00800108                _edata = .
                0x00800108                PROVIDE (__data_end, .)

.bss            0x00800108       0x23
                0x00800108                PROVIDE (__bss_start, .)
 *(.bss)
 .bss           0x00800108        0x0 c:/winavr-20100110/bin/../lib/gcc/avr/4.3.3/../../../../avr/lib/avr5/crtm32.o
 .bss           0x00800108        0x0 ./src/mcal/atmega32_eeprom.o
 .bss           0x00800108        0x0 ./src/mcal/atmega32_gpio.o
 .bss           0x00800108        0x0 ./src/mcal/atmega32_interrupt.o
 .bss           0x00800108        0x0 ./src/mcal/atmega32_timer0.o
 .bss           0x00800108        0x0 ./src/mcal/atmega32_timer2.o
 .bss           0x00800108        0x0 ./src/mcal/atmega32_uart.o
 .bss           0x00800108        0x0 ./src/hal/sensors/flame_sensor.o
 .bss           0x00800108        0x0 ./src/hal/sensors/mq9_sensor.o
 .bss           0x00800108        0x0 ./src/hal/sensors/pir_sensor.o
 .bss           0x00800108        0x0 ./src/hal/sensors/water_sensor.o
 .bss           0x00800108        0x0 ./src/hal/actuators/buzzer.o
 .bss           0x00800108        0x0 ./src/hal/actuators/dc_motor.o
 .bss           0x00800108        0x0 ./src/hal/actuators/keypad.o
 .bss           0x00800108        0x0 ./src/hal/actuators/lcd.o
 .bss           0x00800108        0x0 ./src/hal/actuators/led.o
 .bss           0x00800108        0x0 ./src/hal/actuators/solenoid_lock.o
 .bss           0x00800108        0x0 ./src/app/subsystems/water_flood_system/water_flood_system.o
 .bss           0x00800108        0x0 ./src/app/subsystems/smart_door_lock_system/smart_door_lock_system.o
 .bss           0x00800108        0x0 ./src/app/subsystems/motion_detection_system/motion_detection_system.o
 .bss           0x00800108        0x0 ./src/app/subsystems/gas_system/gas_system.o
 .bss           0x00800108        0x0 ./src/app/subsystems/fire_system/fire_system.o
 .bss           0x00800108        0x0 ./src/app/subsystems/alarm_system/alarm_system.o
 .bss           0x00800108        0x0 ./src/app/communication.o
 .bss           0x00800108        0x0 ./src/app/main.o
 .bss           0x00800108        0x0 c:/winavr-20100110/bin/../lib/gcc/avr/4.3.3/avr5\libgcc.a(_udivmodsi4.o)
 .bss           0x00800108        0x0 c:/winavr-20100110/bin/../lib/gcc/avr/4.3.3/avr5\libgcc.a(_exit.o)
 .bss           0x00800108        0x0 c:/winavr-20100110/bin/../lib/gcc/avr/4.3.3/avr5\libgcc.a(_copy_data.o)
 .bss           0x00800108        0x0 c:/winavr-20100110/bin/../lib/gcc/avr/4.3.3/avr5\libgcc.a(_clear_bss.o)
 .bss           0x00800108        0x0 c:/winavr-20100110/bin/../lib/gcc/avr/4.3.3/avr5\libgcc.a(_fixunssfsi.o)
 .bss           0x00800108        0x0 c:/winavr-20100110/bin/../lib/gcc/avr/4.3.3/avr5\libgcc.a(_addsub_sf.o)
 .bss           0x00800108        0x0 c:/winavr-20100110/bin/../lib/gcc/avr/4.3.3/avr5\libgcc.a(_mul_sf.o)
 .bss           0x00800108        0x0 c:/winavr-20100110/bin/../lib/gcc/avr/4.3.3/avr5\libgcc.a(_gt_sf.o)
 .bss           0x00800108        0x0 c:/winavr-20100110/bin/../lib/gcc/avr/4.3.3/avr5\libgcc.a(_ge_sf.o)
 .bss           0x00800108        0x0 c:/winavr-20100110/bin/../lib/gcc/avr/4.3.3/avr5\libgcc.a(_lt_sf.o)
 .bss           0x00800108        0x0 c:/winavr-20100110/bin/../lib/gcc/avr/4.3.3/avr5\libgcc.a(_sf_to_si.o)
 .bss           0x00800108        0x0 c:/winavr-20100110/bin/../lib/gcc/avr/4.3.3/avr5\libgcc.a(_thenan_sf.o)
 .bss           0x00800108        0x0 c:/winavr-20100110/bin/../lib/gcc/avr/4.3.3/avr5\libgcc.a(_prologue.o)
 .bss           0x00800108        0x0 c:/winavr-20100110/bin/../lib/gcc/avr/4.3.3/avr5\libgcc.a(_epilogue.o)
 .bss           0x00800108        0x0 c:/winavr-20100110/bin/../lib/gcc/avr/4.3.3/avr5\libgcc.a(_pack_sf.o)
 .bss           0x00800108        0x0 c:/winavr-20100110/bin/../lib/gcc/avr/4.3.3/avr5\libgcc.a(_unpack_sf.o)
 .bss           0x00800108        0x0 c:/winavr-20100110/bin/../lib/gcc/avr/4.3.3/avr5\libgcc.a(_fpcmp_parts_sf.o)
 .bss           0x00800108        0x0 c:/winavr-20100110/bin/../lib/gcc/avr/4.3.3/../../../../avr/lib/avr5\libc.a(itoa.o)
 .bss           0x00800108        0x0 c:/winavr-20100110/bin/../lib/gcc/avr/4.3.3/../../../../avr/lib/avr5\libc.a(strrev.o)
 .bss           0x00800108        0x0 c:/winavr-20100110/bin/../lib/gcc/avr/4.3.3/avr5\libgcc.a(_udivmodhi4.o)
 *(.bss*)
 .bss.g_callBackPtrInt0
                0x00800108        0x2 ./src/mcal/atmega32_interrupt.o
 .bss.g_callBackPtrInt1
                0x0080010a        0x2 ./src/mcal/atmega32_interrupt.o
 .bss.g_callBackPtrInt2
                0x0080010c        0x2 ./src/mcal/atmega32_interrupt.o
 .bss.g_callBackPtrOVF0
                0x0080010e        0x2 ./src/mcal/atmega32_timer0.o
 .bss.g_clock   0x00800110        0x1 ./src/mcal/atmega32_timer0.o
 .bss.g_callBackPtrOVF2
                0x00800111        0x2 ./src/mcal/atmega32_timer2.o
 .bss.g_clock   0x00800113        0x1 ./src/mcal/atmega32_timer2.o
 .bss.g_callBackPtrUDR
                0x00800114        0x2 ./src/mcal/atmega32_uart.o
 .bss.g_callBackPtrTX
                0x00800116        0x2 ./src/mcal/atmega32_uart.o
 .bss.g_callBackPtrRX
                0x00800118        0x2 ./src/mcal/atmega32_uart.o
 .bss.g_lcdTimerCount
                0x0080011a        0x2 ./src/app/subsystems/smart_door_lock_system/smart_door_lock_system.o
                0x0080011a                g_lcdTimerCount
 .bss.g_correctPin
                0x0080011c        0x4 ./src/app/subsystems/smart_door_lock_system/smart_door_lock_system.o
                0x0080011c                g_correctPin
 .bss.g_pinCount
                0x00800120        0x1 ./src/app/subsystems/smart_door_lock_system/smart_door_lock_system.o
                0x00800120                g_pinCount
 .bss.g_lcdDelay
                0x00800121        0x1 ./src/app/subsystems/smart_door_lock_system/smart_door_lock_system.o
                0x00800121                g_lcdDelay
 .bss.g_doorOpened
                0x00800122        0x1 ./src/app/subsystems/smart_door_lock_system/smart_door_lock_system.o
                0x00800122                g_doorOpened
 .bss.g_mode    0x00800123        0x1 ./src/app/subsystems/smart_door_lock_system/smart_door_lock_system.o
                0x00800123                g_mode
 .bss.g_lcdDelayFlag
                0x00800124        0x1 ./src/app/subsystems/smart_door_lock_system/smart_door_lock_system.o
                0x00800124                g_lcdDelayFlag
 .bss.g_alarmTimerCount
                0x00800125        0x1 ./src/app/subsystems/alarm_system/alarm_system.o
                0x00800125                g_alarmTimerCount
 .bss.g_threatFlag
                0x00800126        0x1 ./src/app/subsystems/alarm_system/alarm_system.o
                0x00800126                g_threatFlag
 *(COMMON)
 COMMON         0x00800127        0x4 ./src/app/subsystems/smart_door_lock_system/smart_door_lock_system.o
                0x00800127                g_enteredPin
                0x0080012b                PROVIDE (__bss_end, .)
                0x000041fa                __data_load_start = LOADADDR (.data)
                0x000042a2                __data_load_end = (__data_load_start + SIZEOF (.data))

.noinit         0x0080012b        0x0
                0x0080012b                PROVIDE (__noinit_start, .)
 *(.noinit*)
                0x0080012b                PROVIDE (__noinit_end, .)
                0x0080012b                _end = .
                0x0080012b                PROVIDE (__heap_start, .)

.eeprom         0x00810000        0x0
 *(.eeprom*)
                0x00810000                __eeprom_end = .

.fuse
 *(.fuse)
 *(.lfuse)
 *(.hfuse)
 *(.efuse)

.lock
 *(.lock*)

.signature
 *(.signature*)

.stab           0x00000000     0x5f64
 *(.stab)
 .stab          0x00000000      0x45c ./src/mcal/atmega32_eeprom.o
 .stab          0x0000045c      0x504 ./src/mcal/atmega32_gpio.o
                                0x750 (size before relaxing)
 .stab          0x00000960      0x42c ./src/mcal/atmega32_interrupt.o
                                0x6b4 (size before relaxing)
 .stab          0x00000d8c      0x384 ./src/mcal/atmega32_timer0.o
                                0x5dc (size before relaxing)
 .stab          0x00001110      0x384 ./src/mcal/atmega32_timer2.o
                                0x5dc (size before relaxing)
 .stab          0x00001494      0x6fc ./src/mcal/atmega32_uart.o
                                0x948 (size before relaxing)
 .stab          0x00001b90      0x234 ./src/hal/sensors/flame_sensor.o
                                0x240 (size before relaxing)
 .stab          0x00001dc4      0x168 ./src/hal/sensors/mq9_sensor.o
                                0x240 (size before relaxing)
 .stab          0x00001f2c      0x168 ./src/hal/sensors/pir_sensor.o
                                0x240 (size before relaxing)
 .stab          0x00002094      0x168 ./src/hal/sensors/water_sensor.o
                                0x240 (size before relaxing)
 .stab          0x000021fc      0x294 ./src/hal/actuators/buzzer.o
                                0x2a0 (size before relaxing)
 .stab          0x00002490      0x1c8 ./src/hal/actuators/dc_motor.o
                                0x2a0 (size before relaxing)
 .stab          0x00002658      0x3cc ./src/hal/actuators/keypad.o
                                0x624 (size before relaxing)
 .stab          0x00002a24     0x108c ./src/hal/actuators/lcd.o
                               0x12f0 (size before relaxing)
 .stab          0x00003ab0      0x1c8 ./src/hal/actuators/led.o
                                0x2a0 (size before relaxing)
 .stab          0x00003c78      0x204 ./src/hal/actuators/solenoid_lock.o
                                0x2dc (size before relaxing)
 .stab          0x00003e7c      0x30c ./src/app/subsystems/water_flood_system/water_flood_system.o
                                0x318 (size before relaxing)
 .stab          0x00004188      0xa8c ./src/app/subsystems/smart_door_lock_system/smart_door_lock_system.o
                                0xc24 (size before relaxing)
 .stab          0x00004c14      0x27c ./src/app/subsystems/motion_detection_system/motion_detection_system.o
                                0x288 (size before relaxing)
 .stab          0x00004e90      0x318 ./src/app/subsystems/gas_system/gas_system.o
                                0x324 (size before relaxing)
 .stab          0x000051a8      0x318 ./src/app/subsystems/fire_system/fire_system.o
                                0x324 (size before relaxing)
 .stab          0x000054c0      0x438 ./src/app/subsystems/alarm_system/alarm_system.o
                                0x444 (size before relaxing)
 .stab          0x000058f8      0x390 ./src/app/communication.o
                                0x3c0 (size before relaxing)
 .stab          0x00005c88      0x2dc ./src/app/main.o
                                0x330 (size before relaxing)

.stabstr        0x00000000     0x35f3
 *(.stabstr)
 .stabstr       0x00000000     0x35f3 ./src/mcal/atmega32_eeprom.o

.stab.excl
 *(.stab.excl)

.stab.exclstr
 *(.stab.exclstr)

.stab.index
 *(.stab.index)

.stab.indexstr
 *(.stab.indexstr)

.comment
 *(.comment)

.debug
 *(.debug)

.line
 *(.line)

.debug_srcinfo
 *(.debug_srcinfo)

.debug_sfnames
 *(.debug_sfnames)

.debug_aranges  0x00000000      0x140
 *(.debug_aranges)
 .debug_aranges
                0x00000000       0x20 c:/winavr-20100110/bin/../lib/gcc/avr/4.3.3/avr5\libgcc.a(_fixunssfsi.o)
 .debug_aranges
                0x00000020       0x20 c:/winavr-20100110/bin/../lib/gcc/avr/4.3.3/avr5\libgcc.a(_addsub_sf.o)
 .debug_aranges
                0x00000040       0x20 c:/winavr-20100110/bin/../lib/gcc/avr/4.3.3/avr5\libgcc.a(_mul_sf.o)
 .debug_aranges
                0x00000060       0x20 c:/winavr-20100110/bin/../lib/gcc/avr/4.3.3/avr5\libgcc.a(_gt_sf.o)
 .debug_aranges
                0x00000080       0x20 c:/winavr-20100110/bin/../lib/gcc/avr/4.3.3/avr5\libgcc.a(_ge_sf.o)
 .debug_aranges
                0x000000a0       0x20 c:/winavr-20100110/bin/../lib/gcc/avr/4.3.3/avr5\libgcc.a(_lt_sf.o)
 .debug_aranges
                0x000000c0       0x20 c:/winavr-20100110/bin/../lib/gcc/avr/4.3.3/avr5\libgcc.a(_sf_to_si.o)
 .debug_aranges
                0x000000e0       0x20 c:/winavr-20100110/bin/../lib/gcc/avr/4.3.3/avr5\libgcc.a(_pack_sf.o)
 .debug_aranges
                0x00000100       0x20 c:/winavr-20100110/bin/../lib/gcc/avr/4.3.3/avr5\libgcc.a(_unpack_sf.o)
 .debug_aranges
                0x00000120       0x20 c:/winavr-20100110/bin/../lib/gcc/avr/4.3.3/avr5\libgcc.a(_fpcmp_parts_sf.o)

.debug_pubnames
                0x00000000      0x170
 *(.debug_pubnames)
 .debug_pubnames
                0x00000000       0x23 c:/winavr-20100110/bin/../lib/gcc/avr/4.3.3/avr5\libgcc.a(_fixunssfsi.o)
 .debug_pubnames
                0x00000023       0x2c c:/winavr-20100110/bin/../lib/gcc/avr/4.3.3/avr5\libgcc.a(_addsub_sf.o)
 .debug_pubnames
                0x0000004f       0x1f c:/winavr-20100110/bin/../lib/gcc/avr/4.3.3/avr5\libgcc.a(_mul_sf.o)
 .debug_pubnames
                0x0000006e       0x1e c:/winavr-20100110/bin/../lib/gcc/avr/4.3.3/avr5\libgcc.a(_gt_sf.o)
 .debug_pubnames
                0x0000008c       0x1e c:/winavr-20100110/bin/../lib/gcc/avr/4.3.3/avr5\libgcc.a(_ge_sf.o)
 .debug_pubnames
                0x000000aa       0x1e c:/winavr-20100110/bin/../lib/gcc/avr/4.3.3/avr5\libgcc.a(_lt_sf.o)
 .debug_pubnames
                0x000000c8       0x20 c:/winavr-20100110/bin/../lib/gcc/avr/4.3.3/avr5\libgcc.a(_sf_to_si.o)
 .debug_pubnames
                0x000000e8       0x22 c:/winavr-20100110/bin/../lib/gcc/avr/4.3.3/avr5\libgcc.a(_thenan_sf.o)
 .debug_pubnames
                0x0000010a       0x1f c:/winavr-20100110/bin/../lib/gcc/avr/4.3.3/avr5\libgcc.a(_pack_sf.o)
 .debug_pubnames
                0x00000129       0x21 c:/winavr-20100110/bin/../lib/gcc/avr/4.3.3/avr5\libgcc.a(_unpack_sf.o)
 .debug_pubnames
                0x0000014a       0x26 c:/winavr-20100110/bin/../lib/gcc/avr/4.3.3/avr5\libgcc.a(_fpcmp_parts_sf.o)

.debug_info     0x00000000     0x1c49
 *(.debug_info)
 .debug_info    0x00000000       0xb1 c:/winavr-20100110/bin/../lib/gcc/avr/4.3.3/avr5\libgcc.a(_fixunssfsi.o)
 .debug_info    0x000000b1      0x47a c:/winavr-20100110/bin/../lib/gcc/avr/4.3.3/avr5\libgcc.a(_addsub_sf.o)
 .debug_info    0x0000052b      0x485 c:/winavr-20100110/bin/../lib/gcc/avr/4.3.3/avr5\libgcc.a(_mul_sf.o)
 .debug_info    0x000009b0      0x27f c:/winavr-20100110/bin/../lib/gcc/avr/4.3.3/avr5\libgcc.a(_gt_sf.o)
 .debug_info    0x00000c2f      0x27f c:/winavr-20100110/bin/../lib/gcc/avr/4.3.3/avr5\libgcc.a(_ge_sf.o)
 .debug_info    0x00000eae      0x27f c:/winavr-20100110/bin/../lib/gcc/avr/4.3.3/avr5\libgcc.a(_lt_sf.o)
 .debug_info    0x0000112d      0x2b0 c:/winavr-20100110/bin/../lib/gcc/avr/4.3.3/avr5\libgcc.a(_sf_to_si.o)
 .debug_info    0x000013dd      0x12c c:/winavr-20100110/bin/../lib/gcc/avr/4.3.3/avr5\libgcc.a(_thenan_sf.o)
 .debug_info    0x00001509      0x2df c:/winavr-20100110/bin/../lib/gcc/avr/4.3.3/avr5\libgcc.a(_pack_sf.o)
 .debug_info    0x000017e8      0x251 c:/winavr-20100110/bin/../lib/gcc/avr/4.3.3/avr5\libgcc.a(_unpack_sf.o)
 .debug_info    0x00001a39      0x210 c:/winavr-20100110/bin/../lib/gcc/avr/4.3.3/avr5\libgcc.a(_fpcmp_parts_sf.o)
 *(.gnu.linkonce.wi.*)

.debug_abbrev   0x00000000      0xeeb
 *(.debug_abbrev)
 .debug_abbrev  0x00000000       0x5d c:/winavr-20100110/bin/../lib/gcc/avr/4.3.3/avr5\libgcc.a(_fixunssfsi.o)
 .debug_abbrev  0x0000005d      0x1ea c:/winavr-20100110/bin/../lib/gcc/avr/4.3.3/avr5\libgcc.a(_addsub_sf.o)
 .debug_abbrev  0x00000247      0x21b c:/winavr-20100110/bin/../lib/gcc/avr/4.3.3/avr5\libgcc.a(_mul_sf.o)
 .debug_abbrev  0x00000462      0x15a c:/winavr-20100110/bin/../lib/gcc/avr/4.3.3/avr5\libgcc.a(_gt_sf.o)
 .debug_abbrev  0x000005bc      0x15a c:/winavr-20100110/bin/../lib/gcc/avr/4.3.3/avr5\libgcc.a(_ge_sf.o)
 .debug_abbrev  0x00000716      0x15a c:/winavr-20100110/bin/../lib/gcc/avr/4.3.3/avr5\libgcc.a(_lt_sf.o)
 .debug_abbrev  0x00000870      0x17f c:/winavr-20100110/bin/../lib/gcc/avr/4.3.3/avr5\libgcc.a(_sf_to_si.o)
 .debug_abbrev  0x000009ef       0xad c:/winavr-20100110/bin/../lib/gcc/avr/4.3.3/avr5\libgcc.a(_thenan_sf.o)
 .debug_abbrev  0x00000a9c      0x1c0 c:/winavr-20100110/bin/../lib/gcc/avr/4.3.3/avr5\libgcc.a(_pack_sf.o)
 .debug_abbrev  0x00000c5c      0x154 c:/winavr-20100110/bin/../lib/gcc/avr/4.3.3/avr5\libgcc.a(_unpack_sf.o)
 .debug_abbrev  0x00000db0      0x13b c:/winavr-20100110/bin/../lib/gcc/avr/4.3.3/avr5\libgcc.a(_fpcmp_parts_sf.o)

.debug_line     0x00000000      0xdad
 *(.debug_line)
 .debug_line    0x00000000       0xa7 c:/winavr-20100110/bin/../lib/gcc/avr/4.3.3/avr5\libgcc.a(_fixunssfsi.o)
 .debug_line    0x000000a7      0x2af c:/winavr-20100110/bin/../lib/gcc/avr/4.3.3/avr5\libgcc.a(_addsub_sf.o)
 .debug_line    0x00000356      0x239 c:/winavr-20100110/bin/../lib/gcc/avr/4.3.3/avr5\libgcc.a(_mul_sf.o)
 .debug_line    0x0000058f       0xd3 c:/winavr-20100110/bin/../lib/gcc/avr/4.3.3/avr5\libgcc.a(_gt_sf.o)
 .debug_line    0x00000662       0xd3 c:/winavr-20100110/bin/../lib/gcc/avr/4.3.3/avr5\libgcc.a(_ge_sf.o)
 .debug_line    0x00000735       0xd3 c:/winavr-20100110/bin/../lib/gcc/avr/4.3.3/avr5\libgcc.a(_lt_sf.o)
 .debug_line    0x00000808      0x109 c:/winavr-20100110/bin/../lib/gcc/avr/4.3.3/avr5\libgcc.a(_sf_to_si.o)
 .debug_line    0x00000911       0x90 c:/winavr-20100110/bin/../lib/gcc/avr/4.3.3/avr5\libgcc.a(_thenan_sf.o)
 .debug_line    0x000009a1      0x18a c:/winavr-20100110/bin/../lib/gcc/avr/4.3.3/avr5\libgcc.a(_pack_sf.o)
 .debug_line    0x00000b2b      0x14b c:/winavr-20100110/bin/../lib/gcc/avr/4.3.3/avr5\libgcc.a(_unpack_sf.o)
 .debug_line    0x00000c76      0x137 c:/winavr-20100110/bin/../lib/gcc/avr/4.3.3/avr5\libgcc.a(_fpcmp_parts_sf.o)

.debug_frame    0x00000000      0x160
 *(.debug_frame)
 .debug_frame   0x00000000       0x20 c:/winavr-20100110/bin/../lib/gcc/avr/4.3.3/avr5\libgcc.a(_fixunssfsi.o)
 .debug_frame   0x00000020       0x40 c:/winavr-20100110/bin/../lib/gcc/avr/4.3.3/avr5\libgcc.a(_addsub_sf.o)
 .debug_frame   0x00000060       0x20 c:/winavr-20100110/bin/../lib/gcc/avr/4.3.3/avr5\libgcc.a(_mul_sf.o)
 .debug_frame   0x00000080       0x20 c:/winavr-20100110/bin/../lib/gcc/avr/4.3.3/avr5\libgcc.a(_gt_sf.o)
 .debug_frame   0x000000a0       0x20 c:/winavr-20100110/bin/../lib/gcc/avr/4.3.3/avr5\libgcc.a(_ge_sf.o)
 .debug_frame   0x000000c0       0x20 c:/winavr-20100110/bin/../lib/gcc/avr/4.3.3/avr5\libgcc.a(_lt_sf.o)
 .debug_frame   0x000000e0       0x20 c:/winavr-20100110/bin/../lib/gcc/avr/4.3.3/avr5\libgcc.a(_sf_to_si.o)
 .debug_frame   0x00000100       0x20 c:/winavr-20100110/bin/../lib/gcc/avr/4.3.3/avr5\libgcc.a(_pack_sf.o)
 .debug_frame   0x00000120       0x20 c:/winavr-20100110/bin/../lib/gcc/avr/4.3.3/avr5\libgcc.a(_unpack_sf.o)
 .debug_frame   0x00000140       0x20 c:/winavr-20100110/bin/../lib/gcc/avr/4.3.3/avr5\libgcc.a(_fpcmp_parts_sf.o)

.debug_str      0x00000000      0x28d
 *(.debug_str)
 .debug_str     0x00000000       0xbf c:/winavr-20100110/bin/../lib/gcc/avr/4.3.3/avr5\libgcc.a(_fixunssfsi.o)
                                 0xfe (size before relaxing)
 .debug_str     0x000000bf      0x14d c:/winavr-20100110/bin/../lib/gcc/avr/4.3.3/avr5\libgcc.a(_addsub_sf.o)
                                0x206 (size before relaxing)
 .debug_str     0x0000020c       0x27 c:/winavr-20100110/bin/../lib/gcc/avr/4.3.3/avr5\libgcc.a(_mul_sf.o)
                                0x1bf (size before relaxing)
 .debug_str     0x00000233        0xf c:/winavr-20100110/bin/../lib/gcc/avr/4.3.3/avr5\libgcc.a(_gt_sf.o)
                                0x195 (size before relaxing)
 .debug_str     0x00000242        0x8 c:/winavr-20100110/bin/../lib/gcc/avr/4.3.3/avr5\libgcc.a(_ge_sf.o)
                                0x195 (size before relaxing)
 .debug_str     0x0000024a        0x8 c:/winavr-20100110/bin/../lib/gcc/avr/4.3.3/avr5\libgcc.a(_lt_sf.o)
                                0x195 (size before relaxing)
 .debug_str     0x00000252        0xa c:/winavr-20100110/bin/../lib/gcc/avr/4.3.3/avr5\libgcc.a(_sf_to_si.o)
                                0x19e (size before relaxing)
 .debug_str     0x00000000      0x103 c:/winavr-20100110/bin/../lib/gcc/avr/4.3.3/avr5\libgcc.a(_thenan_sf.o)
 .debug_str     0x0000025c       0x16 c:/winavr-20100110/bin/../lib/gcc/avr/4.3.3/avr5\libgcc.a(_pack_sf.o)
                                0x19d (size before relaxing)
 .debug_str     0x00000272        0xb c:/winavr-20100110/bin/../lib/gcc/avr/4.3.3/avr5\libgcc.a(_unpack_sf.o)
                                0x17f (size before relaxing)
 .debug_str     0x0000027d       0x10 c:/winavr-20100110/bin/../lib/gcc/avr/4.3.3/avr5\libgcc.a(_fpcmp_parts_sf.o)
                                0x163 (size before relaxing)

.debug_loc      0x00000000      0x7ce
 *(.debug_loc)
 .debug_loc     0x00000000       0x34 c:/winavr-20100110/bin/../lib/gcc/avr/4.3.3/avr5\libgcc.a(_fixunssfsi.o)
 .debug_loc     0x00000034      0x32a c:/winavr-20100110/bin/../lib/gcc/avr/4.3.3/avr5\libgcc.a(_addsub_sf.o)
 .debug_loc     0x0000035e      0x104 c:/winavr-20100110/bin/../lib/gcc/avr/4.3.3/avr5\libgcc.a(_mul_sf.o)
 .debug_loc     0x00000462       0x3c c:/winavr-20100110/bin/../lib/gcc/avr/4.3.3/avr5\libgcc.a(_gt_sf.o)
 .debug_loc     0x0000049e       0x3c c:/winavr-20100110/bin/../lib/gcc/avr/4.3.3/avr5\libgcc.a(_ge_sf.o)
 .debug_loc     0x000004da       0x3c c:/winavr-20100110/bin/../lib/gcc/avr/4.3.3/avr5\libgcc.a(_lt_sf.o)
 .debug_loc     0x00000516       0x7e c:/winavr-20100110/bin/../lib/gcc/avr/4.3.3/avr5\libgcc.a(_sf_to_si.o)
 .debug_loc     0x00000594      0x13e c:/winavr-20100110/bin/../lib/gcc/avr/4.3.3/avr5\libgcc.a(_pack_sf.o)
 .debug_loc     0x000006d2       0xac c:/winavr-20100110/bin/../lib/gcc/avr/4.3.3/avr5\libgcc.a(_unpack_sf.o)
 .debug_loc     0x0000077e       0x50 c:/winavr-20100110/bin/../lib/gcc/avr/4.3.3/avr5\libgcc.a(_fpcmp_parts_sf.o)

.debug_macinfo
 *(.debug_macinfo)
OUTPUT(Home_Security_System.elf elf32-avr)
LOAD linker stubs

.debug_ranges   0x00000000       0x50
 .debug_ranges  0x00000000       0x50 c:/winavr-20100110/bin/../lib/gcc/avr/4.3.3/avr5\libgcc.a(_mul_sf.o)
